ARM Linker, 5.03 [Build 76] [MDK-ARM Lite]

==============================================================================

Section Cross References

    startup.o(STACK) refers (Special) to heapauxi.o(.text) for __use_two_region_memory
    startup.o(HEAP) refers (Special) to heapauxi.o(.text) for __use_two_region_memory
    startup.o(RESET) refers (Special) to heapauxi.o(.text) for __use_two_region_memory
    startup.o(RESET) refers to startup.o(STACK) for StackMem
    startup.o(RESET) refers to spaceinvaders.o(i.SysTick_Handler) for SysTick_Handler
    startup.o(RESET) refers to spaceinvaders.o(i.GPIOPortE_Handler) for GPIOPortE_Handler
    startup.o(RESET) refers to timer0.o(i.Timer0A_Handler) for Timer0A_Handler
    startup.o(RESET) refers to texas.o(i.Timer4A_Handler) for Timer4A_Handler
    startup.o(RESET) refers to texas.o(i.Timer5A_Handler) for Timer5A_Handler
    startup.o(RESET) refers to __main.o(!!!main) for __main
    startup.o(.text) refers (Special) to heapauxi.o(.text) for __use_two_region_memory
    startup.o(.text) refers to startup.o(HEAP) for HeapMem
    startup.o(.text) refers to startup.o(STACK) for StackMem
    random.o(.text) refers to random.o(DATA) for M
    texas.o(i.SetCode) refers to texas.o(.bss) for TExaS
    texas.o(i.SetCourse) refers to texas.o(.bss) for TExaS
    texas.o(i.SetMode) refers to texas.o(.bss) for TExaS
    texas.o(i.StartTimer4) refers to texas.o(.data) for ScopeCount
    texas.o(i.TExaS_Init) refers to texas.o(i.PLL_Init) for PLL_Init
    texas.o(i.TExaS_Init) refers to texas.o(i.SetCourse) for SetCourse
    texas.o(i.TExaS_Init) refers to texas.o(i.UART0_Init) for UART0_Init
    texas.o(i.TExaS_Init) refers to texas.o(i.SetCode) for SetCode
    texas.o(i.TExaS_Init) refers to texas.o(i.ADC1_Init) for ADC1_Init
    texas.o(i.TExaS_Init) refers to texas.o(.constdata) for IntroMsg
    texas.o(i.TExaS_Init) refers to texas.o(.bss) for TExaS
    texas.o(i.TExaS_Init) refers to texas.o(.data) for LastMode
    texas.o(i.Timer5A_Handler) refers to texas.o(i.ADC1_In) for ADC1_In
    texas.o(i.Timer5A_Handler) refers to texas.o(.data) for TExaS_Period
    timer0.o(i.Timer0A_Handler) refers to timer0.o(.data) for PeriodicTask0
    timer0.o(i.Timer0_Init) refers to timer0.o(.data) for PeriodicTask0
    print.o(.text) refers (Special) to st7735.o(i.ST7735_OutString) for ST7735_OutString
    print.o(.text) refers to st7735.o(i.ST7735_OutChar) for ST7735_OutChar
    spaceinvaders.o(i.Button_Init) refers to startup.o(.text) for DisableInterrupts
    spaceinvaders.o(i.Check_Paddle) refers to spaceinvaders.o(.bss) for nxtbal
    spaceinvaders.o(i.Check_Paddle) refers to spaceinvaders.o(.data) for pad
    spaceinvaders.o(i.Checkfive) refers to st7735.o(i.ST7735_DrawBitmap) for ST7735_DrawBitmap
    spaceinvaders.o(i.Checkfive) refers to spaceinvaders.o(.bss) for five
    spaceinvaders.o(i.Checkfive) refers to spaceinvaders.o(.constdata) for blackbrick
    spaceinvaders.o(i.Checkfive) refers to spaceinvaders.o(.data) for score
    spaceinvaders.o(i.Checkfivehor) refers to st7735.o(i.ST7735_DrawBitmap) for ST7735_DrawBitmap
    spaceinvaders.o(i.Checkfivehor) refers to spaceinvaders.o(.bss) for five
    spaceinvaders.o(i.Checkfivehor) refers to spaceinvaders.o(.data) for fi2
    spaceinvaders.o(i.Checkfivehor) refers to spaceinvaders.o(.constdata) for blackbrick
    spaceinvaders.o(i.CheckforXbounds) refers to spaceinvaders.o(.bss) for nxtbal
    spaceinvaders.o(i.CheckforXbounds) refers to spaceinvaders.o(.data) for vertb
    spaceinvaders.o(i.CheckforYbounds) refers to spaceinvaders.o(.bss) for nxtbal
    spaceinvaders.o(i.CheckforYbounds) refers to spaceinvaders.o(.data) for horb
    spaceinvaders.o(i.Checkfour) refers to st7735.o(i.ST7735_DrawBitmap) for ST7735_DrawBitmap
    spaceinvaders.o(i.Checkfour) refers to spaceinvaders.o(.bss) for four
    spaceinvaders.o(i.Checkfour) refers to spaceinvaders.o(.constdata) for blackbrick
    spaceinvaders.o(i.Checkfour) refers to spaceinvaders.o(.data) for score
    spaceinvaders.o(i.Checkfourhor) refers to st7735.o(i.ST7735_DrawBitmap) for ST7735_DrawBitmap
    spaceinvaders.o(i.Checkfourhor) refers to spaceinvaders.o(.bss) for four
    spaceinvaders.o(i.Checkfourhor) refers to spaceinvaders.o(.data) for f2
    spaceinvaders.o(i.Checkfourhor) refers to spaceinvaders.o(.constdata) for blackbrick
    spaceinvaders.o(i.Checkone) refers to st7735.o(i.ST7735_DrawBitmap) for ST7735_DrawBitmap
    spaceinvaders.o(i.Checkone) refers to spaceinvaders.o(.bss) for one
    spaceinvaders.o(i.Checkone) refers to spaceinvaders.o(.constdata) for blackbrick
    spaceinvaders.o(i.Checkone) refers to spaceinvaders.o(.data) for score
    spaceinvaders.o(i.Checkonehor) refers to st7735.o(i.ST7735_DrawBitmap) for ST7735_DrawBitmap
    spaceinvaders.o(i.Checkonehor) refers to spaceinvaders.o(.bss) for one
    spaceinvaders.o(i.Checkonehor) refers to spaceinvaders.o(.data) for o2
[...]
    spaceinvaders.o(i.laserCollide4) refers to spaceinvaders.o(.data) for score
    spaceinvaders.o(i.laserCollide5) refers to st7735.o(i.ST7735_DrawBitmap) for ST7735_DrawBitmap
    spaceinvaders.o(i.laserCollide5) refers to spaceinvaders.o(.bss) for five
    spaceinvaders.o(i.laserCollide5) refers to spaceinvaders.o(.constdata) for blaser
    spaceinvaders.o(i.laserCollide5) refers to spaceinvaders.o(.data) for score
    spaceinvaders.o(i.main) refers to texas.o(i.PLL_Init) for PLL_Init
    spaceinvaders.o(i.main) refers to adc.o(i.ADC_Init) for ADC_Init
    spaceinvaders.o(i.main) refers to st7735.o(i.ST7735_FillScreen) for ST7735_FillScreen
    spaceinvaders.o(i.main) refers to st7735.o(i.ST7735_DrawBitmap) for ST7735_DrawBitmap
    spaceinvaders.o(i.main) refers to st7735.o(i.ST7735_SetCursor) for ST7735_SetCursor
    spaceinvaders.o(i.main) refers to st7735.o(i.ST7735_OutString) for ST7735_OutString
    spaceinvaders.o(i.main) refers to print.o(.text) for LCD_OutDec
    spaceinvaders.o(i.main) refers to spaceinvaders.o(i.Delay100ms) for Delay100ms
    spaceinvaders.o(i.main) refers to spaceinvaders.o(i.Switch_Init) for Switch_Init
    spaceinvaders.o(i.main) refers to st7735.o(i.ST7735_InitR) for ST7735_InitR
    spaceinvaders.o(i.main) refers to spaceinvaders.o(i.Game_Init) for Game_Init
    spaceinvaders.o(i.main) refers to spaceinvaders.o(i.Button_Init) for Button_Init
    spaceinvaders.o(i.main) refers to spaceinvaders.o(i.TitleScreen) for TitleScreen
    spaceinvaders.o(i.main) refers to spaceinvaders.o(i.SysTick_Init) for SysTick_Init
    spaceinvaders.o(i.main) refers to spaceinvaders.o(i.CheckforXbounds) for CheckforXbounds
    spaceinvaders.o(i.main) refers to spaceinvaders.o(i.CheckforYbounds) for CheckforYbounds
    spaceinvaders.o(i.main) refers to spaceinvaders.o(i.Checkonehor) for Checkonehor
    spaceinvaders.o(i.main) refers to spaceinvaders.o(i.Checktwohor) for Checktwohor
    spaceinvaders.o(i.main) refers to spaceinvaders.o(i.Checkthreehor) for Checkthreehor
    spaceinvaders.o(i.main) refers to spaceinvaders.o(i.Checkfourhor) for Checkfourhor
    spaceinvaders.o(i.main) refers to spaceinvaders.o(i.Checkfivehor) for Checkfivehor
    spaceinvaders.o(i.main) refers to spaceinvaders.o(i.Checkone) for Checkone
    spaceinvaders.o(i.main) refers to spaceinvaders.o(i.Checktwo) for Checktwo
    spaceinvaders.o(i.main) refers to spaceinvaders.o(i.Checkthree) for Checkthree
    spaceinvaders.o(i.main) refers to spaceinvaders.o(i.Checkfour) for Checkfour
    spaceinvaders.o(i.main) refers to spaceinvaders.o(i.Checkfive) for Checkfive
    spaceinvaders.o(i.main) refers to spaceinvaders.o(i.GoingBelowPaddle) for GoingBelowPaddle
    spaceinvaders.o(i.main) refers to spaceinvaders.o(.constdata) for rbrick
    spaceinvaders.o(i.main) refers to spaceinvaders.o(.data) for lazrEnable
    spaceinvaders.o(i.main) refers to spaceinvaders.o(.bss) for wbal
    spaceinvaders.o(i.main) refers to spaceinvaders.o(i.laserCollide1) for laserCollide1
    spaceinvaders.o(i.main) refers to spaceinvaders.o(i.laserCollide2) for laserCollide2
    spaceinvaders.o(i.main) refers to spaceinvaders.o(i.laserCollide3) for laserCollide3
    spaceinvaders.o(i.main) refers to spaceinvaders.o(i.laserCollide4) for laserCollide4
    spaceinvaders.o(i.main) refers to spaceinvaders.o(i.laserCollide5) for laserCollide5
    st7735.o(i.Output_Clear) refers to st7735.o(i.ST7735_FillScreen) for ST7735_FillScreen
    st7735.o(i.Output_Color) refers to st7735.o(i.ST7735_SetTextColor) for ST7735_SetTextColor
    st7735.o(i.Output_Init) refers to st7735.o(i.ST7735_InitR) for ST7735_InitR
    st7735.o(i.Output_Init) refers to st7735.o(i.ST7735_FillScreen) for ST7735_FillScreen
    st7735.o(i.Output_Off) refers to st7735.o(i.Output_Clear) for Output_Clear
    st7735.o(i.Output_On) refers to st7735.o(i.Output_Init) for Output_Init
    st7735.o(i.ST7735_DrawBitmap) refers to st7735.o(i.setAddrWindow) for setAddrWindow
    st7735.o(i.ST7735_DrawBitmap) refers to lcd.o(.text) for writedata
    st7735.o(i.ST7735_DrawBitmap) refers to st7735.o(.data) for _width
    st7735.o(i.ST7735_DrawChar) refers to st7735.o(i.setAddrWindow) for setAddrWindow
    st7735.o(i.ST7735_DrawChar) refers to st7735.o(i.pushColor) for pushColor
    st7735.o(i.ST7735_DrawChar) refers to st7735.o(.data) for _width
    st7735.o(i.ST7735_DrawChar) refers to st7735.o(.constdata) for Font
    st7735.o(i.ST7735_DrawCharS) refers to st7735.o(i.ST7735_DrawPixel) for ST7735_DrawPixel
    st7735.o(i.ST7735_DrawCharS) refers to st7735.o(i.ST7735_FillRect) for ST7735_FillRect
    st7735.o(i.ST7735_DrawCharS) refers to st7735.o(.data) for _width
    st7735.o(i.ST7735_DrawCharS) refers to st7735.o(.constdata) for Font
    st7735.o(i.ST7735_DrawFastHLine) refers to st7735.o(i.setAddrWindow) for setAddrWindow
    st7735.o(i.ST7735_DrawFastHLine) refers to lcd.o(.text) for writedata
    st7735.o(i.ST7735_DrawFastHLine) refers to st7735.o(.data) for _width
    st7735.o(i.ST7735_DrawFastVLine) refers to st7735.o(i.setAddrWindow) for setAddrWindow
    st7735.o(i.ST7735_DrawFastVLine) refers to lcd.o(.text) for writedata
    st7735.o(i.ST7735_DrawFastVLine) refers to st7735.o(.data) for _width
    st7735.o(i.ST7735_DrawPixel) refers to st7735.o(i.setAddrWindow) for setAddrWindow
    st7735.o(i.ST7735_DrawPixel) refers to st7735.o(i.pushColor) for pushColor
    st7735.o(i.ST7735_DrawPixel) refers to st7735.o(.data) for _width
    st7735.o(i.ST7735_DrawString) refers to st7735.o(i.ST7735_DrawCharS) for ST7735_DrawCharS
    st7735.o(i.ST7735_FillRect) refers to st7735.o(i.setAddrWindow) for setAddrWindow
    st7735.o(i.ST7735_FillRect) refers to lcd.o(.text) for writedata
    st7735.o(i.ST7735_FillRect) refers to st7735.o(.data) for _width
    st7735.o(i.ST7735_FillScreen) refers to st7735.o(i.ST7735_FillRect) for ST7735_FillRect
    st7735.o(i.ST7735_FillScreen) refers to st7735.o(.data) for _height
    st7735.o(i.ST7735_InitB) refers to st7735.o(i.commonInit) for commonInit
    st7735.o(i.ST7735_InitB) refers to st7735.o(i.ST7735_SetCursor) for ST7735_SetCursor
    st7735.o(i.ST7735_InitB) refers to st7735.o(i.ST7735_FillScreen) for ST7735_FillScreen
    st7735.o(i.ST7735_InitB) refers to st7735.o(.constdata) for Bcmd
    st7735.o(i.ST7735_InitB) refers to st7735.o(.data) for StTextColor
    st7735.o(i.ST7735_InitR) refers to st7735.o(i.commonInit) for commonInit
    st7735.o(i.ST7735_InitR) refers to st7735.o(i.commandList) for commandList
    st7735.o(i.ST7735_InitR) refers to lcd.o(.text) for writecommand
    st7735.o(i.ST7735_InitR) refers to st7735.o(i.ST7735_SetCursor) for ST7735_SetCursor
    st7735.o(i.ST7735_InitR) refers to st7735.o(i.ST7735_FillScreen) for ST7735_FillScreen
    st7735.o(i.ST7735_InitR) refers to st7735.o(.constdata) for Rcmd1
    st7735.o(i.ST7735_InitR) refers to st7735.o(.data) for ColStart
    st7735.o(i.ST7735_InvertDisplay) refers to lcd.o(.text) for writecommand
    st7735.o(i.ST7735_OutChar) refers to st7735.o(i.ST7735_DrawString) for ST7735_DrawString
    st7735.o(i.ST7735_OutChar) refers to st7735.o(i.ST7735_DrawCharS) for ST7735_DrawCharS
    st7735.o(i.ST7735_OutChar) refers to st7735.o(.data) for StY
    st7735.o(i.ST7735_OutString) refers to st7735.o(i.ST7735_OutChar) for ST7735_OutChar
    st7735.o(i.ST7735_OutUDec) refers to st7735.o(i.fillmessage) for fillmessage
    st7735.o(i.ST7735_OutUDec) refers to st7735.o(i.ST7735_DrawString) for ST7735_DrawString
    st7735.o(i.ST7735_OutUDec) refers to st7735.o(i.ST7735_DrawCharS) for ST7735_DrawCharS
    st7735.o(i.ST7735_OutUDec) refers to st7735.o(.data) for Messageindex
    st7735.o(i.ST7735_OutUDec) refers to st7735.o(.bss) for Message
    st7735.o(i.ST7735_PlotBar) refers to st7735.o(i.ST7735_DrawFastVLine) for ST7735_DrawFastVLine
    st7735.o(i.ST7735_PlotBar) refers to st7735.o(.data) for Ymin
    st7735.o(i.ST7735_PlotClear) refers to st7735.o(i.ST7735_Color565) for ST7735_Color565
    st7735.o(i.ST7735_PlotClear) refers to st7735.o(i.ST7735_FillRect) for ST7735_FillRect
    st7735.o(i.ST7735_PlotClear) refers to st7735.o(.data) for Ymax
    st7735.o(i.ST7735_PlotLine) refers to st7735.o(i.ST7735_DrawPixel) for ST7735_DrawPixel
    st7735.o(i.ST7735_PlotLine) refers to st7735.o(.data) for Ymin
    st7735.o(i.ST7735_PlotNext) refers to st7735.o(.data) for X
    st7735.o(i.ST7735_PlotNextErase) refers to st7735.o(i.ST7735_Color565) for ST7735_Color565
    st7735.o(i.ST7735_PlotNextErase) refers to st7735.o(i.ST7735_DrawFastVLine) for ST7735_DrawFastVLine
    st7735.o(i.ST7735_PlotNextErase) refers to st7735.o(.data) for X
    st7735.o(i.ST7735_PlotPoint) refers to st7735.o(i.ST7735_DrawPixel) for ST7735_DrawPixel
    st7735.o(i.ST7735_PlotPoint) refers to st7735.o(.data) for Ymin
    st7735.o(i.ST7735_PlotPoints) refers to st7735.o(i.ST7735_DrawPixel) for ST7735_DrawPixel
    st7735.o(i.ST7735_PlotPoints) refers to st7735.o(.data) for Ymin
    st7735.o(i.ST7735_PlotdBfs) refers to st7735.o(i.ST7735_DrawFastVLine) for ST7735_DrawFastVLine
    st7735.o(i.ST7735_PlotdBfs) refers to st7735.o(.constdata) for dBfs
    st7735.o(i.ST7735_PlotdBfs) refers to st7735.o(.data) for X
    st7735.o(i.ST7735_SetCursor) refers to st7735.o(.data) for StX
    st7735.o(i.ST7735_SetRotation) refers to lcd.o(.text) for writecommand
    st7735.o(i.ST7735_SetRotation) refers to st7735.o(.data) for Rotation
    st7735.o(i.ST7735_SetTextColor) refers to st7735.o(.data) for StTextColor
    st7735.o(i.commandList) refers to lcd.o(.text) for writecommand
    st7735.o(i.commandList) refers to st7735.o(i.Delay1ms) for Delay1ms
    st7735.o(i.commonInit) refers to st7735.o(i.Delay1ms) for Delay1ms
    st7735.o(i.commonInit) refers to st7735.o(i.commandList) for commandList
    st7735.o(i.commonInit) refers to st7735.o(.data) for RowStart
    st7735.o(i.fillmessage) refers to st7735.o(.bss) for Message
    st7735.o(i.fillmessage) refers to st7735.o(.data) for Messageindex
    st7735.o(i.fputc) refers to st7735.o(i.ST7735_OutChar) for ST7735_OutChar
    st7735.o(i.pushColor) refers to lcd.o(.text) for writedata
    st7735.o(i.setAddrWindow) refers to lcd.o(.text) for writecommand
    st7735.o(i.setAddrWindow) refers to st7735.o(.data) for ColStart
    __main.o(!!!main) refers to rtentry.o(.ARM.Collect$$rtentry$$00000000) for __rt_entry
    rtentry.o(.ARM.Collect$$rtentry$$00000000) refers (Special) to rtentry2.o(.ARM.Collect$$rtentry$$0000000A) for __rt_entry_li
    rtentry.o(.ARM.Collect$$rtentry$$00000000) refers (Special) to rtentry2.o(.ARM.Collect$$rtentry$$0000000D) for __rt_entry_main
    rtentry.o(.ARM.Collect$$rtentry$$00000000) refers (Special) to rtentry2.o(.ARM.Collect$$rtentry$$0000000C) for __rt_entry_postli_1
    rtentry.o(.ARM.Collect$$rtentry$$00000000) refers (Special) to rtentry2.o(.ARM.Collect$$rtentry$$00000009) for __rt_entry_postsh_1
    rtentry.o(.ARM.Collect$$rtentry$$00000000) refers (Special) to rtentry2.o(.ARM.Collect$$rtentry$$00000002) for __rt_entry_presh_1
    rtentry.o(.ARM.Collect$$rtentry$$00000000) refers (Special) to rtentry4.o(.ARM.Collect$$rtentry$$00000004) for __rt_entry_sh
    rtentry2.o(.ARM.Collect$$rtentry$$00000008) refers to boardinit2.o(.text) for _platform_post_stackheap_init
    rtentry2.o(.ARM.Collect$$rtentry$$0000000A) refers to libinit.o(.ARM.Collect$$libinit$$00000000) for __rt_lib_init
    rtentry2.o(.ARM.Collect$$rtentry$$0000000B) refers to boardinit3.o(.text) for _platform_post_lib_init
    rtentry2.o(.ARM.Collect$$rtentry$$0000000D) refers to spaceinvaders.o(i.main) for main
    rtentry2.o(.ARM.Collect$$rtentry$$0000000D) refers to exit.o(.text) for exit
    rtentry2.o(.ARM.exidx) refers to rtentry2.o(.ARM.Collect$$rtentry$$00000001) for .ARM.Collect$$rtentry$$00000001
    rtentry2.o(.ARM.exidx) refers to rtentry2.o(.ARM.Collect$$rtentry$$00000008) for .ARM.Collect$$rtentry$$00000008
    rtentry2.o(.ARM.exidx) refers to rtentry2.o(.ARM.Collect$$rtentry$$0000000A) for .ARM.Collect$$rtentry$$0000000A
    rtentry2.o(.ARM.exidx) refers to rtentry2.o(.ARM.Collect$$rtentry$$0000000B) for .ARM.Collect$$rtentry$$0000000B
    rtentry2.o(.ARM.exidx) refers to rtentry2.o(.ARM.Collect$$rtentry$$0000000D) for .ARM.Collect$$rtentry$$0000000D
    rtentry4.o(.ARM.Collect$$rtentry$$00000004) refers to sys_stackheap_outer.o(.text) for __user_setup_stackheap
    rtentry4.o(.ARM.exidx) refers to rtentry4.o(.ARM.Collect$$rtentry$$00000004) for .ARM.Collect$$rtentry$$00000004
    sys_stackheap_outer.o(.text) refers to libspace.o(.text) for __user_perproc_libspace
    sys_stackheap_outer.o(.text) refers to startup.o(.text) for __user_initial_stackheap
    exit.o(.text) refers to rtexit.o(.ARM.Collect$$rtexit$$00000000) for __rt_exit
    libinit.o(.ARM.Collect$$libinit$$00000000) refers (Special) to libinit2.o(.ARM.Collect$$libinit$$0000002C) for __rt_lib_init_alloca_1
    libinit.o(.ARM.Collect$$libinit$$00000000) refers (Special) to libinit2.o(.ARM.Collect$$libinit$$0000002A) for __rt_lib_init_argv_1
    libinit.o(.ARM.Collect$$libinit$$00000000) refers (Special) to libinit2.o(.ARM.Collect$$libinit$$00000019) for __rt_lib_init_atexit_1
    libinit.o(.ARM.Collect$$libinit$$00000000) refers (Special) to libinit2.o(.ARM.Collect$$libinit$$0000001F) for __rt_lib_init_clock_1
    libinit.o(.ARM.Collect$$libinit$$00000000) refers (Special) to libinit2.o(.ARM.Collect$$libinit$$00000030) for __rt_lib_init_cpp_1
    libinit.o(.ARM.Collect$$libinit$$00000000) refers (Special) to libinit2.o(.ARM.Collect$$libinit$$0000002E) for __rt_lib_init_exceptions_1
    libinit.o(.ARM.Collect$$libinit$$00000000) refers (Special) to libinit2.o(.ARM.Collect$$libinit$$00000002) for __rt_lib_init_fp_1
    libinit.o(.ARM.Collect$$libinit$$00000000) refers (Special) to libinit2.o(.ARM.Collect$$libinit$$0000001D) for __rt_lib_init_fp_trap_1
    libinit.o(.ARM.Collect$$libinit$$00000000) refers (Special) to libinit2.o(.ARM.Collect$$libinit$$00000021) for __rt_lib_init_getenv_1
    libinit.o(.ARM.Collect$$libinit$$00000000) refers (Special) to libinit2.o(.ARM.Collect$$libinit$$00000008) for __rt_lib_init_heap_1
    libinit.o(.ARM.Collect$$libinit$$00000000) refers (Special) to libinit2.o(.ARM.Collect$$libinit$$0000000F) for __rt_lib_init_lc_collate_1
    libinit.o(.ARM.Collect$$libinit$$00000000) refers (Special) to libinit2.o(.ARM.Collect$$libinit$$00000011) for __rt_lib_init_lc_ctype_1
    libinit.o(.ARM.Collect$$libinit$$00000000) refers (Special) to libinit2.o(.ARM.Collect$$libinit$$00000013) for __rt_lib_init_lc_monetary_1
    libinit.o(.ARM.Collect$$libinit$$00000000) refers (Special) to libinit2.o(.ARM.Collect$$libinit$$00000015) for __rt_lib_init_lc_numeric_1
    libinit.o(.ARM.Collect$$libinit$$00000000) refers (Special) to libinit2.o(.ARM.Collect$$libinit$$00000017) for __rt_lib_init_lc_time_1
    libinit.o(.ARM.Collect$$libinit$$00000000) refers (Special) to libinit2.o(.ARM.Collect$$libinit$$0000000C) for __rt_lib_init_rand_1
    libinit.o(.ARM.Collect$$libinit$$00000000) refers (Special) to libinit2.o(.ARM.Collect$$libinit$$00000031) for __rt_lib_init_return
    libinit.o(.ARM.Collect$$libinit$$00000000) refers (Special) to libinit2.o(.ARM.Collect$$libinit$$0000001B) for __rt_lib_init_signal_1
    libinit.o(.ARM.Collect$$libinit$$00000000) refers (Special) to libinit2.o(.ARM.Collect$$libinit$$00000023) for __rt_lib_init_stdio_1
    libinit.o(.ARM.Collect$$libinit$$00000000) refers (Special) to libinit2.o(.ARM.Collect$$libinit$$0000000A) for __rt_lib_init_user_alloc_1
    libspace.o(.text) refers to libspace.o(.bss) for __libspace_start
    rtexit.o(.ARM.Collect$$rtexit$$00000000) refers (Special) to rtexit2.o(.ARM.Collect$$rtexit$$00000004) for __rt_exit_exit
    rtexit.o(.ARM.Collect$$rtexit$$00000000) refers (Special) to rtexit2.o(.ARM.Collect$$rtexit$$00000003) for __rt_exit_ls
    rtexit.o(.ARM.Collect$$rtexit$$00000000) refers (Special) to rtexit2.o(.ARM.Collect$$rtexit$$00000002) for __rt_exit_prels_1
    rtexit.o(.ARM.exidx) refers (Special) to rtexit2.o(.ARM.Collect$$rtexit$$00000004) for __rt_exit_exit
    rtexit.o(.ARM.exidx) refers (Special) to rtexit2.o(.ARM.Collect$$rtexit$$00000003) for __rt_exit_ls
    rtexit.o(.ARM.exidx) refers (Special) to rtexit2.o(.ARM.Collect$$rtexit$$00000002) for __rt_exit_prels_1
    rtexit.o(.ARM.exidx) refers to rtexit.o(.ARM.Collect$$rtexit$$00000000) for .ARM.Collect$$rtexit$$00000000
    libinit2.o(.ARM.Collect$$libinit$$0000000E) refers to libinit2.o(.ARM.Collect$$libinit$$0000000D) for .ARM.Collect$$libinit$$0000000D
    libinit2.o(.ARM.Collect$$libinit$$00000010) refers to libinit2.o(.ARM.Collect$$libinit$$0000000D) for .ARM.Collect$$libinit$$0000000D
    libinit2.o(.ARM.Collect$$libinit$$00000012) refers to libinit2.o(.ARM.Collect$$libinit$$0000000D) for .ARM.Collect$$libinit$$0000000D
    libinit2.o(.ARM.Collect$$libinit$$00000014) refers to libinit2.o(.ARM.Collect$$libinit$$0000000D) for .ARM.Collect$$libinit$$0000000D
    libinit2.o(.ARM.Collect$$libinit$$00000016) refers to libinit2.o(.ARM.Collect$$libinit$$0000000D) for .ARM.Collect$$libinit$$0000000D
    libinit2.o(.ARM.Collect$$libinit$$00000024) refers to argv_veneer.o(.emb_text) for __ARM_argv_veneer
    libinit2.o(.ARM.Collect$$libinit$$00000025) refers to argv_veneer.o(.emb_text) for __ARM_argv_veneer
    rtexit2.o(.ARM.Collect$$rtexit$$00000003) refers to libshutdown.o(.ARM.Collect$$libshutdown$$00000000) for __rt_lib_shutdown
    rtexit2.o(.ARM.Collect$$rtexit$$00000004) refers to sys_exit.o(.text) for _sys_exit
    rtexit2.o(.ARM.exidx) refers to rtexit2.o(.ARM.Collect$$rtexit$$00000001) for .ARM.Collect$$rtexit$$00000001
    rtexit2.o(.ARM.exidx) refers to rtexit2.o(.ARM.Collect$$rtexit$$00000003) for .ARM.Collect$$rtexit$$00000003
    rtexit2.o(.ARM.exidx) refers to rtexit2.o(.ARM.Collect$$rtexit$$00000004) for .ARM.Collect$$rtexit$$00000004
    argv_veneer.o(.emb_text) refers to no_argv.o(.text) for __ARM_get_argv
    sys_exit.o(.text) refers (Special) to use_no_semi.o(.text) for __I$use$semihosting
    sys_exit.o(.text) refers (Special) to indicate_semi.o(.text) for __semihosting_library_function
    _get_argv_nomalloc.o(.text) refers (Special) to hrguard.o(.text) for __heap_region$guard
    _get_argv_nomalloc.o(.text) refers to defsig_rtmem_outer.o(.text) for __rt_SIGRTMEM
    _get_argv_nomalloc.o(.text) refers to sys_command.o(.text) for _sys_command_string
    libshutdown.o(.ARM.Collect$$libshutdown$$00000000) refers (Special) to libshutdown2.o(.ARM.Collect$$libshutdown$$00000006) for __rt_lib_shutdown_fp_trap_1
    libshutdown.o(.ARM.Collect$$libshutdown$$00000000) refers (Special) to libshutdown2.o(.ARM.Collect$$libshutdown$$0000000E) for __rt_lib_shutdown_heap_1
    libshutdown.o(.ARM.Collect$$libshutdown$$00000000) refers (Special) to libshutdown2.o(.ARM.Collect$$libshutdown$$0000000F) for __rt_lib_shutdown_return
    libshutdown.o(.ARM.Collect$$libshutdown$$00000000) refers (Special) to libshutdown2.o(.ARM.Collect$$libshutdown$$00000009) for __rt_lib_shutdown_signal_1
    libshutdown.o(.ARM.Collect$$libshutdown$$00000000) refers (Special) to libshutdown2.o(.ARM.Collect$$libshutdown$$00000003) for __rt_lib_shutdown_stdio_1
    libshutdown.o(.ARM.Collect$$libshutdown$$00000000) refers (Special) to libshutdown2.o(.ARM.Collect$$libshutdown$$0000000B) for __rt_lib_shutdown_user_alloc_1
    sys_command.o(.text) refers (Special) to use_no_semi.o(.text) for __I$use$semihosting
    sys_command.o(.text) refers (Special) to indicate_semi.o(.text) for __semihosting_library_function
    defsig_rtmem_outer.o(.text) refers to defsig_rtmem_inner.o(.text) for __rt_SIGRTMEM_inner
    defsig_rtmem_outer.o(.text) refers to defsig_exit.o(.text) for __sig_exit
    defsig_rtmem_formal.o(.text) refers to rt_raise.o(.text) for __rt_raise
    rt_raise.o(.text) refers to __raise.o(.text) for __raise
    rt_raise.o(.text) refers to sys_exit.o(.text) for _sys_exit
    defsig_exit.o(.text) refers to sys_exit.o(.text) for _sys_exit
    defsig_rtmem_inner.o(.text) refers to defsig_general.o(.text) for __default_signal_display
    __raise.o(.text) refers to defsig.o(CL$$defsig) for __default_signal_handler
    defsig_general.o(.text) refers to sys_wrch.o(.text) for _ttywrch
    sys_wrch.o(.text) refers (Special) to use_no_semi.o(.text) for __I$use$semihosting
    sys_wrch.o(.text) refers (Special) to indicate_semi.o(.text) for __semihosting_library_function
    defsig.o(CL$$defsig) refers to defsig_rtmem_inner.o(.text) for __rt_SIGRTMEM_inner
    defsig_abrt_inner.o(.text) refers to defsig_general.o(.text) for __default_signal_display
    defsig_fpe_inner.o(.text) refers to defsig_general.o(.text) for __default_signal_display
    defsig_rtred_inner.o(.text) refers to defsig_general.o(.text) for __default_signal_display
    defsig_stak_inner.o(.text) refers to defsig_general.o(.text) for __default_signal_display
    defsig_pvfn_inner.o(.text) refers to defsig_general.o(.text) for __default_signal_display
    defsig_cppl_inner.o(.text) refers to defsig_general.o(.text) for __default_signal_display
    defsig_segv_inner.o(.text) refers to defsig_general.o(.text) for __default_signal_display
    defsig_other.o(.text) refers to defsig_general.o(.text) for __default_signal_display


==============================================================================

Removing Unused input sections from the image.

    Removing random.o(DATA), (4 bytes).
    Removing random.o(.text), (64 bytes).
    Removing texas.o(i.ADC1_Init), (216 bytes).
    Removing texas.o(i.SetCode), (24 bytes).
    Removing texas.o(i.SetCourse), (24 bytes).
    Removing texas.o(i.SetMode), (24 bytes).
    Removing texas.o(i.StartTimer4), (36 bytes).
    Removing texas.o(i.StopTimer4), (24 bytes).
    Removing texas.o(i.TExaS_Init), (448 bytes).
    Removing texas.o(i.TExaS_Stop), (28 bytes).
    Removing texas.o(i.UART0_InChar), (24 bytes).
    Removing texas.o(i.UART0_InCharNonBlocking), (28 bytes).
    Removing texas.o(i.UART0_Init), (192 bytes).
    Removing texas.o(i.UART0_OutChar), (24 bytes).
    Removing texas.o(i.UART0_OutCharNonBlock), (12 bytes).
    Removing texas.o(i.copy), (18 bytes).
    Removing texas.o(.bss), (56 bytes).
    Removing texas.o(.constdata), (360 bytes).
    Removing adc.o(i.abs), (12 bytes).
    Removing adc.o(.data), (4 bytes).
    Removing timer0.o(i.Timer0_Init), (96 bytes).
    Removing spaceinvaders.o(i.firstgame), (360 bytes).
    Removing spaceinvaders.o(i.firstgame1), (360 bytes).
    Removing st7735.o(i.Output_Clear), (10 bytes).
    Removing st7735.o(i.Output_Color), (12 bytes).
    Removing st7735.o(i.Output_Init), (16 bytes).
    Removing st7735.o(i.Output_Off), (8 bytes).
    Removing st7735.o(i.Output_On), (8 bytes).
    Removing st7735.o(i.ST7735_Color565), (24 bytes).
    Removing st7735.o(i.ST7735_DrawChar), (268 bytes).
    Removing st7735.o(i.ST7735_DrawFastHLine), (124 bytes).
    Removing st7735.o(i.ST7735_DrawFastVLine), (124 bytes).
    Removing st7735.o(i.ST7735_InitB), (40 bytes).
    Removing st7735.o(i.ST7735_InvertDisplay), (22 bytes).
    Removing st7735.o(i.ST7735_OutUDec), (140 bytes).
    Removing st7735.o(i.ST7735_PlotBar), (88 bytes).
    Removing st7735.o(i.ST7735_PlotClear), (92 bytes).
    Removing st7735.o(i.ST7735_PlotLine), (264 bytes).
    Removing st7735.o(i.ST7735_PlotNext), (32 bytes).
    Removing st7735.o(i.ST7735_PlotNextErase), (64 bytes).
    Removing st7735.o(i.ST7735_PlotPoint), (152 bytes).
    Removing st7735.o(i.ST7735_PlotPoints), (172 bytes).
    Removing st7735.o(i.ST7735_PlotdBfs), (60 bytes).
    Removing st7735.o(i.ST7735_SetRotation), (212 bytes).
    Removing st7735.o(i.ST7735_SetTextColor), (12 bytes).
    Removing st7735.o(i.ST7735_SwapColor), (18 bytes).
    Removing st7735.o(i.ferror), (8 bytes).
    Removing st7735.o(i.fgetc), (6 bytes).
    Removing st7735.o(i.fillmessage), (72 bytes).
    Removing st7735.o(i.fputc), (16 bytes).
    Removing st7735.o(.bss), (12 bytes).

51 unused section(s) (total 4514 bytes) removed from the image.

==============================================================================

Image Symbol Table

    Local Symbols

    Symbol Name                              Value     Ov Type        Size  Object(Section)

    RESET                                    0x00000000   Section      644  startup.o(RESET)
    ../clib/angel/boardlib.s                 0x00000000   Number         0  boardinit1.o ABSOLUTE
    ../clib/angel/boardlib.s                 0x00000000   Number         0  boardshut.o ABSOLUTE
    ../clib/angel/boardlib.s                 0x00000000   Number         0  boardinit2.o ABSOLUTE
    ../clib/angel/boardlib.s                 0x00000000   Number         0  boardinit3.o ABSOLUTE
    ../clib/angel/handlers.s                 0x00000000   Number         0  __scatter_copy.o ABSOLUTE
    ../clib/angel/handlers.s                 0x00000000   Number         0  __scatter_zi.o ABSOLUTE
    ../clib/angel/kernel.s                   0x00000000   Number         0  rtentry2.o ABSOLUTE
    ../clib/angel/kernel.s                   0x00000000   Number         0  rtexit.o ABSOLUTE
    ../clib/angel/kernel.s                   0x00000000   Number         0  rtentry4.o ABSOLUTE
    ../clib/angel/kernel.s                   0x00000000   Number         0  rtexit2.o ABSOLUTE
    ../clib/angel/kernel.s                   0x00000000   Number         0  rtentry.o ABSOLUTE
    ../clib/angel/rt.s                       0x00000000   Number         0  rt_raise.o ABSOLUTE
    ../clib/angel/scatter.s                  0x00000000   Number         0  __scatter.o ABSOLUTE
    ../clib/angel/startup.s                  0x00000000   Number         0  __main.o ABSOLUTE
    ../clib/angel/sys.s                      0x00000000   Number         0  sys_stackheap_outer.o ABSOLUTE
    ../clib/angel/sys.s                      0x00000000   Number         0  use_no_semi.o ABSOLUTE
    ../clib/angel/sys.s                      0x00000000   Number         0  indicate_semi.o ABSOLUTE
    ../clib/angel/sys.s                      0x00000000   Number         0  libspace.o ABSOLUTE
    ../clib/angel/sysapp.c                   0x00000000   Number         0  sys_wrch.o ABSOLUTE
    ../clib/angel/sysapp.c                   0x00000000   Number         0  sys_command.o ABSOLUTE
    ../clib/angel/sysapp.c                   0x00000000   Number         0  sys_exit.o ABSOLUTE
    ../clib/armsys.c                         0x00000000   Number         0  argv_veneer.o ABSOLUTE
    ../clib/armsys.c                         0x00000000   Number         0  argv_veneer.o ABSOLUTE
    ../clib/armsys.c                         0x00000000   Number         0  _get_argv_nomalloc.o ABSOLUTE
    ../clib/armsys.c                         0x00000000   Number         0  no_argv.o ABSOLUTE
    ../clib/heapalloc.c                      0x00000000   Number         0  hrguard.o ABSOLUTE
    ../clib/heapaux.c                        0x00000000   Number         0  heapauxi.o ABSOLUTE
    ../clib/libinit.s                        0x00000000   Number         0  libshutdown2.o ABSOLUTE
    ../clib/libinit.s                        0x00000000   Number         0  libinit2.o ABSOLUTE
    ../clib/libinit.s                        0x00000000   Number         0  libshutdown.o ABSOLUTE
    ../clib/libinit.s                        0x00000000   Number         0  libinit.o ABSOLUTE
    ../clib/signal.c                         0x00000000   Number         0  defsig_other.o ABSOLUTE
    ../clib/signal.c                         0x00000000   Number         0  __raise.o ABSOLUTE
    ../clib/signal.c                         0x00000000   Number         0  defsig_rtmem_inner.o ABSOLUTE
    ../clib/signal.c                         0x00000000   Number         0  defsig_exit.o ABSOLUTE
    ../clib/signal.c                         0x00000000   Number         0  defsig_general.o ABSOLUTE
    ../clib/signal.c                         0x00000000   Number         0  defsig_pvfn_inner.o ABSOLUTE
    ../clib/signal.c                         0x00000000   Number         0  defsig_rtmem_formal.o ABSOLUTE
    ../clib/signal.c                         0x00000000   Number         0  defsig_rtmem_outer.o ABSOLUTE
    ../clib/signal.c                         0x00000000   Number         0  defsig_cppl_inner.o ABSOLUTE
    ../clib/signal.c                         0x00000000   Number         0  defsig_segv_inner.o ABSOLUTE
    ../clib/signal.c                         0x00000000   Number         0  defsig_stak_inner.o ABSOLUTE
    ../clib/signal.c                         0x00000000   Number         0  defsig_rtred_inner.o ABSOLUTE
    ../clib/signal.c                         0x00000000   Number         0  defsig_fpe_inner.o ABSOLUTE
    ../clib/signal.c                         0x00000000   Number         0  defsig_abrt_inner.o ABSOLUTE
    ../clib/signal.s                         0x00000000   Number         0  defsig.o ABSOLUTE
    ../clib/stdlib.c                         0x00000000   Number         0  exit.o ABSOLUTE
    ../fplib/fpinit.s                        0x00000000   Number         0  fpinit.o ABSOLUTE
    ADC.c                                    0x00000000   Number         0  adc.o ABSOLUTE
    LCD.s                                    0x00000000   Number         0  lcd.o ABSOLUTE
    Print.s                                  0x00000000   Number         0  print.o ABSOLUTE
    ST7735.c                                 0x00000000   Number         0  st7735.o ABSOLUTE
    SpaceInvaders.c                          0x00000000   Number         0  spaceinvaders.o ABSOLUTE
    TExaS.c                                  0x00000000   Number         0  texas.o ABSOLUTE
    Timer0.c                                 0x00000000   Number         0  timer0.o ABSOLUTE
    dc.s                                     0x00000000   Number         0  dc.o ABSOLUTE
    random.s                                 0x00000000   Number         0  random.o ABSOLUTE
    startup.s                                0x00000000   Number         0  startup.o ABSOLUTE
    !!!main                                  0x00000284   Section        8  __main.o(!!!main)
    !!!scatter                               0x0000028c   Section       52  __scatter.o(!!!scatter)
    !!handler_copy                           0x000002c0   Section       26  __scatter_copy.o(!!handler_copy)
    !!handler_zi                             0x000002dc   Section       28  __scatter_zi.o(!!handler_zi)
    .ARM.Collect$$libinit$$00000000          0x000002f8   Section        2  libinit.o(.ARM.Collect$$libinit$$00000000)
    .ARM.Collect$$libinit$$00000002          0x000002fa   Section        0  libinit2.o(.ARM.Collect$$libinit$$00000002)
    .ARM.Collect$$libinit$$00000008          0x000002fa   Section        0  libinit2.o(.ARM.Collect$$libinit$$00000008)
    .ARM.Collect$$libinit$$0000000A          0x000002fa   Section        0  libinit2.o(.ARM.Collect$$libinit$$0000000A)
    .ARM.Collect$$libinit$$0000000C          0x000002fa   Section        0  libinit2.o(.ARM.Collect$$libinit$$0000000C)
    .ARM.Collect$$libinit$$0000000F          0x000002fa   Section        0  libinit2.o(.ARM.Collect$$libinit$$0000000F)
    .ARM.Collect$$libinit$$00000011          0x000002fa   Section        0  libinit2.o(.ARM.Collect$$libinit$$00000011)
    .ARM.Collect$$libinit$$00000013          0x000002fa   Section        0  libinit2.o(.ARM.Collect$$libinit$$00000013)
    .ARM.Collect$$libinit$$00000015          0x000002fa   Section        0  libinit2.o(.ARM.Collect$$libinit$$00000015)
    .ARM.Collect$$libinit$$00000017          0x000002fa   Section        0  libinit2.o(.ARM.Collect$$libinit$$00000017)
    .ARM.Collect$$libinit$$00000019          0x000002fa   Section        0  libinit2.o(.ARM.Collect$$libinit$$00000019)
    .ARM.Collect$$libinit$$0000001B          0x000002fa   Section        0  libinit2.o(.ARM.Collect$$libinit$$0000001B)
    .ARM.Collect$$libinit$$0000001D          0x000002fa   Section        0  libinit2.o(.ARM.Collect$$libinit$$0000001D)
    .ARM.Collect$$libinit$$0000001F          0x000002fa   Section        0  libinit2.o(.ARM.Collect$$libinit$$0000001F)
    .ARM.Collect$$libinit$$00000021          0x000002fa   Section        0  libinit2.o(.ARM.Collect$$libinit$$00000021)
    .ARM.Collect$$libinit$$00000023          0x000002fa   Section        0  libinit2.o(.ARM.Collect$$libinit$$00000023)
    .ARM.Collect$$libinit$$0000002A          0x000002fa   Section        0  libinit2.o(.ARM.Collect$$libinit$$0000002A)
    .ARM.Collect$$libinit$$0000002C          0x000002fa   Section        0  libinit2.o(.ARM.Collect$$libinit$$0000002C)
    .ARM.Collect$$libinit$$0000002E          0x000002fa   Section        0  libinit2.o(.ARM.Collect$$libinit$$0000002E)
    .ARM.Collect$$libinit$$00000030          0x000002fa   Section        0  libinit2.o(.ARM.Collect$$libinit$$00000030)
    .ARM.Collect$$libinit$$00000031          0x000002fa   Section        2  libinit2.o(.ARM.Collect$$libinit$$00000031)
    .ARM.Collect$$libshutdown$$00000000      0x000002fc   Section        2  libshutdown.o(.ARM.Collect$$libshutdown$$00000000)
    .ARM.Collect$$libshutdown$$00000003      0x000002fe   Section        0  libshutdown2.o(.ARM.Collect$$libshutdown$$00000003)
    .ARM.Collect$$libshutdown$$00000006      0x000002fe   Section        0  libshutdown2.o(.ARM.Collect$$libshutdown$$00000006)
    .ARM.Collect$$libshutdown$$00000009      0x000002fe   Section        0  libshutdown2.o(.ARM.Collect$$libshutdown$$00000009)
    .ARM.Collect$$libshutdown$$0000000B      0x000002fe   Section        0  libshutdown2.o(.ARM.Collect$$libshutdown$$0000000B)
    .ARM.Collect$$libshutdown$$0000000E      0x000002fe   Section        0  libshutdown2.o(.ARM.Collect$$libshutdown$$0000000E)
    .ARM.Collect$$libshutdown$$0000000F      0x000002fe   Section        2  libshutdown2.o(.ARM.Collect$$libshutdown$$0000000F)
    .ARM.Collect$$rtentry$$00000000          0x00000300   Section        0  rtentry.o(.ARM.Collect$$rtentry$$00000000)
    .ARM.Collect$$rtentry$$00000002          0x00000300   Section        0  rtentry2.o(.ARM.Collect$$rtentry$$00000002)
    .ARM.Collect$$rtentry$$00000004          0x00000300   Section        6  rtentry4.o(.ARM.Collect$$rtentry$$00000004)
    .ARM.Collect$$rtentry$$00000009          0x00000306   Section        0  rtentry2.o(.ARM.Collect$$rtentry$$00000009)
    .ARM.Collect$$rtentry$$0000000A          0x00000306   Section        4  rtentry2.o(.ARM.Collect$$rtentry$$0000000A)
    .ARM.Collect$$rtentry$$0000000C          0x0000030a   Section        0  rtentry2.o(.ARM.Collect$$rtentry$$0000000C)
    .ARM.Collect$$rtentry$$0000000D          0x0000030a   Section        8  rtentry2.o(.ARM.Collect$$rtentry$$0000000D)
    .ARM.Collect$$rtexit$$00000000           0x00000312   Section        2  rtexit.o(.ARM.Collect$$rtexit$$00000000)
    .ARM.Collect$$rtexit$$00000002           0x00000314   Section        0  rtexit2.o(.ARM.Collect$$rtexit$$00000002)
    .ARM.Collect$$rtexit$$00000003           0x00000314   Section        4  rtexit2.o(.ARM.Collect$$rtexit$$00000003)
    .ARM.Collect$$rtexit$$00000004           0x00000318   Section        6  rtexit2.o(.ARM.Collect$$rtexit$$00000004)
    .text                                    0x00000320   Section       48  startup.o(.text)
    .text                                    0x00000350   Section       80  lcd.o(.text)
    .text                                    0x000003a0   Section      248  print.o(.text)
    .text                                    0x00000498   Section        0  heapauxi.o(.text)
    .text                                    0x0000049e   Section       74  sys_stackheap_outer.o(.text)
    .text                                    0x000004e8   Section        0  exit.o(.text)
    .text                                    0x000004f4   Section        8  libspace.o(.text)
    .text                                    0x000004fc   Section        0  sys_exit.o(.text)
    .text                                    0x00000508   Section        2  use_no_semi.o(.text)
    .text                                    0x0000050a   Section        0  indicate_semi.o(.text)
    i.ADC1_In                                0x0000050c   Section        0  texas.o(i.ADC1_In)
    i.ADC_In                                 0x00000518   Section        0  adc.o(i.ADC_In)
    i.ADC_Init                               0x00000564   Section        0  adc.o(i.ADC_Init)
    i.Button_Init                            0x00000794   Section        0  spaceinvaders.o(i.Button_Init)
    i.Check_Paddle                           0x0000085c   Section        0  spaceinvaders.o(i.Check_Paddle)
    i.Checkfive                              0x00000930   Section        0  spaceinvaders.o(i.Checkfive)
    i.Checkfivehor                           0x00000b10   Section        0  spaceinvaders.o(i.Checkfivehor)
    i.CheckforXbounds                        0x00000c58   Section        0  spaceinvaders.o(i.CheckforXbounds)
    i.CheckforYbounds                        0x00000c8c   Section        0  spaceinvaders.o(i.CheckforYbounds)
    i.Checkfour                              0x00000cb0   Section        0  spaceinvaders.o(i.Checkfour)
    i.Checkfourhor                           0x00000e90   Section        0  spaceinvaders.o(i.Checkfourhor)
    i.Checkone                               0x00000fd8   Section        0  spaceinvaders.o(i.Checkone)
    i.Checkonehor                            0x0000123c   Section        0  spaceinvaders.o(i.Checkonehor)
    i.Checkthree                             0x000013c8   Section        0  spaceinvaders.o(i.Checkthree)
    i.Checkthreehor                          0x0000162c   Section        0  spaceinvaders.o(i.Checkthreehor)
    i.Checktwo                               0x000017b8   Section        0  spaceinvaders.o(i.Checktwo)
    i.Checktwohor                            0x00001998   Section        0  spaceinvaders.o(i.Checktwohor)
    i.Delay100ms                             0x00001ae0   Section        0  spaceinvaders.o(i.Delay100ms)
    i.Delay1ms                               0x00001b04   Section        0  st7735.o(i.Delay1ms)
    i.GPIOPortE_Handler                      0x00001b24   Section        0  spaceinvaders.o(i.GPIOPortE_Handler)
    i.Game_Init                              0x00001b4c   Section        0  spaceinvaders.o(i.Game_Init)
    i.GoingBelowPaddle                       0x00001cb4   Section        0  spaceinvaders.o(i.GoingBelowPaddle)
    i.LaserFire                              0x00001cd8   Section        0  spaceinvaders.o(i.LaserFire)
    i.PLL_Init                               0x00001d30   Section        0  texas.o(i.PLL_Init)
    i.PrintPaddle                            0x00001dac   Section        0  spaceinvaders.o(i.PrintPaddle)
    i.ST7735_DrawBitmap                      0x00001e24   Section        0  st7735.o(i.ST7735_DrawBitmap)
    i.ST7735_DrawCharS                       0x00001f44   Section        0  st7735.o(i.ST7735_DrawCharS)
    i.ST7735_DrawPixel                       0x00002038   Section        0  st7735.o(i.ST7735_DrawPixel)
    i.ST7735_DrawString                      0x00002080   Section        0  st7735.o(i.ST7735_DrawString)
    i.ST7735_FillRect                        0x000020d8   Section        0  st7735.o(i.ST7735_FillRect)
    i.ST7735_FillScreen                      0x00002184   Section        0  st7735.o(i.ST7735_FillScreen)
    i.ST7735_InitR                           0x000021a8   Section        0  st7735.o(i.ST7735_InitR)
    i.ST7735_OutChar                         0x00002224   Section        0  st7735.o(i.ST7735_OutChar)
    i.ST7735_OutString                       0x000022f8   Section        0  st7735.o(i.ST7735_OutString)
    i.ST7735_SetCursor                       0x00002310   Section        0  st7735.o(i.ST7735_SetCursor)
    i.Switch_Init                            0x00002330   Section        0  spaceinvaders.o(i.Switch_Init)
    i.SysTick_Handler                        0x00002388   Section        0  spaceinvaders.o(i.SysTick_Handler)
    i.SysTick_Init                           0x000023c0   Section        0  spaceinvaders.o(i.SysTick_Init)
    i.Timer0A_Handler                        0x000023f0   Section        0  timer0.o(i.Timer0A_Handler)
    i.Timer4A_Handler                        0x00002408   Section        0  texas.o(i.Timer4A_Handler)
    i.Timer5A_Handler                        0x00002428   Section        0  texas.o(i.Timer5A_Handler)
    i.TitleScreen                            0x00002458   Section        0  spaceinvaders.o(i.TitleScreen)
    i.commandList                            0x000025c8   Section        0  st7735.o(i.commandList)
    commandList                              0x000025c9   Thumb Code    86  st7735.o(i.commandList)
    i.commonInit                             0x00002620   Section        0  st7735.o(i.commonInit)
    commonInit                               0x00002621   Thumb Code   340  st7735.o(i.commonInit)
    i.laserCollide1                          0x000027a4   Section        0  spaceinvaders.o(i.laserCollide1)
    i.laserCollide2                          0x00002884   Section        0  spaceinvaders.o(i.laserCollide2)
    i.laserCollide3                          0x00002964   Section        0  spaceinvaders.o(i.laserCollide3)
    i.laserCollide4                          0x00002a44   Section        0  spaceinvaders.o(i.laserCollide4)
    i.laserCollide5                          0x00002b24   Section        0  spaceinvaders.o(i.laserCollide5)
    i.main                                   0x00002c04   Section        0  spaceinvaders.o(i.main)
    i.pushColor                              0x00003310   Section        0  st7735.o(i.pushColor)
    pushColor                                0x00003311   Thumb Code    18  st7735.o(i.pushColor)
    i.setAddrWindow                          0x00003324   Section        0  st7735.o(i.setAddrWindow)
    setAddrWindow                            0x00003325   Thumb Code   106  st7735.o(i.setAddrWindow)
    .constdata                               0x00003398   Section     4804  spaceinvaders.o(.constdata)
    .constdata                               0x0000465c   Section     2018  st7735.o(.constdata)
    Font                                     0x0000465c   Data        1275  st7735.o(.constdata)
    Bcmd                                     0x00004b57   Data         103  st7735.o(.constdata)
    Rcmd1                                    0x00004bbe   Data          59  st7735.o(.constdata)
    Rcmd2green                               0x00004bf9   Data          13  st7735.o(.constdata)
    Rcmd2red                                 0x00004c06   Data          13  st7735.o(.constdata)
    Rcmd3                                    0x00004c13   Data          43  st7735.o(.constdata)
    .data                                    0x20000000   Section       52  texas.o(.data)
    .data                                    0x20000034   Section        4  timer0.o(.data)
    .data                                    0x20000038   Section      140  spaceinvaders.o(.data)
    .data                                    0x200000c4   Section       44  st7735.o(.data)
    _width                                   0x200000ce   Data           2  st7735.o(.data)
    _height                                  0x200000d0   Data           2  st7735.o(.data)
    ColStart                                 0x200000d8   Data           1  st7735.o(.data)
    RowStart                                 0x200000d9   Data           1  st7735.o(.data)
    Rotation                                 0x200000da   Data           1  st7735.o(.data)
    TabColor                                 0x200000db   Data           1  st7735.o(.data)
    .bss                                     0x200000f0   Section      104  spaceinvaders.o(.bss)
    .bss                                     0x20000158   Section       96  libspace.o(.bss)
    HEAP                                     0x200001b8   Section        0  startup.o(HEAP)
    STACK                                    0x200001b8   Section     1024  startup.o(STACK)
    HeapMem                                  0x200001b8   Data           0  startup.o(HEAP)
    StackMem                                 0x200001b8   Data           0  startup.o(STACK)

    Global Symbols

    Symbol Name                              Value     Ov Type        Size  Object(Section)

    BuildAttributes$$THM_ISAv4$E$P$D$K$B$S$7EM$PE$A:L22UL41UL21$X:L11$S22US41US21$IEEE1$IW$USESV6$~STKCKD$USESV7$~SHL$OSPACE$ROPI$EBA8$UX$STANDARDLIB$REQ8$PRES8$EABIv2 0x00000000   Number         0  anon$$obj.o ABSOLUTE
    __ARM_use_no_argv                        0x00000000   Number         0  spaceinvaders.o ABSOLUTE
    __Vectors                                0x00000000   Data           0  startup.o(RESET)
    __ARM_exceptions_init                     - Undefined Weak Reference
    __alloca_initialize                       - Undefined Weak Reference
    __cpp_initialize__aeabi_                  - Undefined Weak Reference
    __cxa_finalize                            - Undefined Weak Reference
    __rt_locale                               - Undefined Weak Reference
    __sigvec_lookup                           - Undefined Weak Reference
    _atexit_init                              - Undefined Weak Reference
    _call_atexit_fns                          - Undefined Weak Reference
    _clock_init                               - Undefined Weak Reference
    _fp_trap_init                             - Undefined Weak Reference
    _fp_trap_shutdown                         - Undefined Weak Reference
    _get_lc_collate                           - Undefined Weak Reference
    _get_lc_ctype                             - Undefined Weak Reference
    _get_lc_monetary                          - Undefined Weak Reference
    _get_lc_numeric                           - Undefined Weak Reference
    _get_lc_time                              - Undefined Weak Reference
    _getenv_init                              - Undefined Weak Reference
    _handle_redirection                       - Undefined Weak Reference
    _init_alloc                               - Undefined Weak Reference
    _init_user_alloc                          - Undefined Weak Reference
    _initio                                   - Undefined Weak Reference
    _rand_init                                - Undefined Weak Reference
    _signal_finish                            - Undefined Weak Reference
    _signal_init                              - Undefined Weak Reference
    _terminate_alloc                          - Undefined Weak Reference
    _terminate_user_alloc                     - Undefined Weak Reference
    _terminateio                              - Undefined Weak Reference
    Reset_Handler                            0x0000026d   Thumb Code     0  startup.o(RESET)
    NMI_Handler                              0x00000271   Thumb Code     2  startup.o(RESET)
    HardFault_Handler                        0x00000273   Thumb Code     2  startup.o(RESET)
    MemManage_Handler                        0x00000275   Thumb Code     2  startup.o(RESET)
    BusFault_Handler                         0x00000277   Thumb Code     2  startup.o(RESET)
    UsageFault_Handler                       0x00000279   Thumb Code     2  startup.o(RESET)
    SVC_Handler                              0x0000027b   Thumb Code     2  startup.o(RESET)
    DebugMon_Handler                         0x0000027d   Thumb Code     2  startup.o(RESET)
    PendSV_Handler                           0x0000027f   Thumb Code     2  startup.o(RESET)
    ADC0Seq0_Handler                         0x00000283   Thumb Code     0  startup.o(RESET)
    ADC0Seq1_Handler                         0x00000283   Thumb Code     0  startup.o(RESET)
    ADC0Seq2_Handler                         0x00000283   Thumb Code     0  startup.o(RESET)
    ADC0Seq3_Handler                         0x00000283   Thumb Code     0  startup.o(RESET)
    ADC1Seq0_Handler                         0x00000283   Thumb Code     0  startup.o(RESET)
    ADC1Seq1_Handler                         0x00000283   Thumb Code     0  startup.o(RESET)
    ADC1Seq2_Handler                         0x00000283   Thumb Code     0  startup.o(RESET)
    ADC1Seq3_Handler                         0x00000283   Thumb Code     0  startup.o(RESET)
    CAN0_Handler                             0x00000283   Thumb Code     0  startup.o(RESET)
    CAN1_Handler                             0x00000283   Thumb Code     0  startup.o(RESET)
    CAN2_Handler                             0x00000283   Thumb Code     0  startup.o(RESET)
    Comp0_Handler                            0x00000283   Thumb Code     0  startup.o(RESET)
    Comp1_Handler                            0x00000283   Thumb Code     0  startup.o(RESET)
    Comp2_Handler                            0x00000283   Thumb Code     0  startup.o(RESET)
    Ethernet_Handler                         0x00000283   Thumb Code     0  startup.o(RESET)
    ExtBus_Handler                           0x00000283   Thumb Code     0  startup.o(RESET)
    FPU_Handler                              0x00000283   Thumb Code     0  startup.o(RESET)
    Fan0_Handler                             0x00000283   Thumb Code     0  startup.o(RESET)
    FlashCtl_Handler                         0x00000283   Thumb Code     0  startup.o(RESET)
    GPIOPortA_Handler                        0x00000283   Thumb Code     0  startup.o(RESET)
    GPIOPortB_Handler                        0x00000283   Thumb Code     0  startup.o(RESET)
    GPIOPortC_Handler                        0x00000283   Thumb Code     0  startup.o(RESET)
    GPIOPortD_Handler                        0x00000283   Thumb Code     0  startup.o(RESET)
    GPIOPortF_Handler                        0x00000283   Thumb Code     0  startup.o(RESET)
    GPIOPortG_Handler                        0x00000283   Thumb Code     0  startup.o(RESET)
    GPIOPortH_Handler                        0x00000283   Thumb Code     0  startup.o(RESET)
    GPIOPortJ_Handler                        0x00000283   Thumb Code     0  startup.o(RESET)
    GPIOPortK_Handler                        0x00000283   Thumb Code     0  startup.o(RESET)
    GPIOPortL_Handler                        0x00000283   Thumb Code     0  startup.o(RESET)
    GPIOPortM_Handler                        0x00000283   Thumb Code     0  startup.o(RESET)
    GPIOPortN_Handler                        0x00000283   Thumb Code     0  startup.o(RESET)
    GPIOPortP1_Handler                       0x00000283   Thumb Code     0  startup.o(RESET)
    GPIOPortP2_Handler                       0x00000283   Thumb Code     0  startup.o(RESET)
    GPIOPortP3_Handler                       0x00000283   Thumb Code     0  startup.o(RESET)
    GPIOPortP4_Handler                       0x00000283   Thumb Code     0  startup.o(RESET)
    GPIOPortP5_Handler                       0x00000283   Thumb Code     0  startup.o(RESET)
    GPIOPortP6_Handler                       0x00000283   Thumb Code     0  startup.o(RESET)
    GPIOPortP7_Handler                       0x00000283   Thumb Code     0  startup.o(RESET)
    GPIOPortP_Handler                        0x00000283   Thumb Code     0  startup.o(RESET)
    GPIOPortQ1_Handler                       0x00000283   Thumb Code     0  startup.o(RESET)
    GPIOPortQ2_Handler                       0x00000283   Thumb Code     0  startup.o(RESET)
    GPIOPortQ3_Handler                       0x00000283   Thumb Code     0  startup.o(RESET)
    GPIOPortQ4_Handler                       0x00000283   Thumb Code     0  startup.o(RESET)
    GPIOPortQ5_Handler                       0x00000283   Thumb Code     0  startup.o(RESET)
    GPIOPortQ6_Handler                       0x00000283   Thumb Code     0  startup.o(RESET)
    GPIOPortQ7_Handler                       0x00000283   Thumb Code     0  startup.o(RESET)
    GPIOPortQ_Handler                        0x00000283   Thumb Code     0  startup.o(RESET)
    GPIOPortR_Handler                        0x00000283   Thumb Code     0  startup.o(RESET)
    GPIOPortS_Handler                        0x00000283   Thumb Code     0  startup.o(RESET)
    Hibernate_Handler                        0x00000283   Thumb Code     0  startup.o(RESET)
    I2C0_Handler                             0x00000283   Thumb Code     0  startup.o(RESET)
    I2C1_Handler                             0x00000283   Thumb Code     0  startup.o(RESET)
    I2C2_Handler                             0x00000283   Thumb Code     0  startup.o(RESET)
    I2C3_Handler                             0x00000283   Thumb Code     0  startup.o(RESET)
    I2C4_Handler                             0x00000283   Thumb Code     0  startup.o(RESET)
    I2C5_Handler                             0x00000283   Thumb Code     0  startup.o(RESET)
    I2S0_Handler                             0x00000283   Thumb Code     0  startup.o(RESET)
    LPC0_Handler                             0x00000283   Thumb Code     0  startup.o(RESET)
    PECI0_Handler                            0x00000283   Thumb Code     0  startup.o(RESET)
    PWM0Fault_Handler                        0x00000283   Thumb Code     0  startup.o(RESET)
    PWM0Generator0_Handler                   0x00000283   Thumb Code     0  startup.o(RESET)
    PWM0Generator1_Handler                   0x00000283   Thumb Code     0  startup.o(RESET)
    PWM0Generator2_Handler                   0x00000283   Thumb Code     0  startup.o(RESET)
    PWM0Generator3_Handler                   0x00000283   Thumb Code     0  startup.o(RESET)
    PWM1Fault_Handler                        0x00000283   Thumb Code     0  startup.o(RESET)
    PWM1Generator0_Handler                   0x00000283   Thumb Code     0  startup.o(RESET)
    PWM1Generator1_Handler                   0x00000283   Thumb Code     0  startup.o(RESET)
    PWM1Generator2_Handler                   0x00000283   Thumb Code     0  startup.o(RESET)
    PWM1Generator3_Handler                   0x00000283   Thumb Code     0  startup.o(RESET)
    Quadrature0_Handler                      0x00000283   Thumb Code     0  startup.o(RESET)
    Quadrature1_Handler                      0x00000283   Thumb Code     0  startup.o(RESET)
    Quadrature2_Handler                      0x00000283   Thumb Code     0  startup.o(RESET)
    SSI0_Handler                             0x00000283   Thumb Code     0  startup.o(RESET)
    SSI1_Handler                             0x00000283   Thumb Code     0  startup.o(RESET)
    SSI2_Handler                             0x00000283   Thumb Code     0  startup.o(RESET)
    SSI3_Handler                             0x00000283   Thumb Code     0  startup.o(RESET)
    SysCtl_Handler                           0x00000283   Thumb Code     0  startup.o(RESET)
    Timer0B_Handler                          0x00000283   Thumb Code     0  startup.o(RESET)
    Timer1A_Handler                          0x00000283   Thumb Code     0  startup.o(RESET)
    Timer1B_Handler                          0x00000283   Thumb Code     0  startup.o(RESET)
    Timer2A_Handler                          0x00000283   Thumb Code     0  startup.o(RESET)
    Timer2B_Handler                          0x00000283   Thumb Code     0  startup.o(RESET)
    Timer3A_Handler                          0x00000283   Thumb Code     0  startup.o(RESET)
    Timer3B_Handler                          0x00000283   Thumb Code     0  startup.o(RESET)
    Timer4B_Handler                          0x00000283   Thumb Code     0  startup.o(RESET)
    Timer5B_Handler                          0x00000283   Thumb Code     0  startup.o(RESET)
    UART0_Handler                            0x00000283   Thumb Code     0  startup.o(RESET)
    UART1_Handler                            0x00000283   Thumb Code     0  startup.o(RESET)
    UART2_Handler                            0x00000283   Thumb Code     0  startup.o(RESET)
    UART3_Handler                            0x00000283   Thumb Code     0  startup.o(RESET)
    UART4_Handler                            0x00000283   Thumb Code     0  startup.o(RESET)
    UART5_Handler                            0x00000283   Thumb Code     0  startup.o(RESET)
    UART6_Handler                            0x00000283   Thumb Code     0  startup.o(RESET)
    UART7_Handler                            0x00000283   Thumb Code     0  startup.o(RESET)
    USB0_Handler                             0x00000283   Thumb Code     0  startup.o(RESET)
    WDT_Handler                              0x00000283   Thumb Code     0  startup.o(RESET)
    WideTimer0A_Handler                      0x00000283   Thumb Code     0  startup.o(RESET)
    WideTimer0B_Handler                      0x00000283   Thumb Code     0  startup.o(RESET)
    WideTimer1A_Handler                      0x00000283   Thumb Code     0  startup.o(RESET)
    WideTimer1B_Handler                      0x00000283   Thumb Code     0  startup.o(RESET)
    WideTimer2A_Handler                      0x00000283   Thumb Code     0  startup.o(RESET)
    WideTimer2B_Handler                      0x00000283   Thumb Code     0  startup.o(RESET)
    WideTimer3A_Handler                      0x00000283   Thumb Code     0  startup.o(RESET)
    WideTimer3B_Handler                      0x00000283   Thumb Code     0  startup.o(RESET)
    WideTimer4A_Handler                      0x00000283   Thumb Code     0  startup.o(RESET)
    WideTimer4B_Handler                      0x00000283   Thumb Code     0  startup.o(RESET)
    WideTimer5A_Handler                      0x00000283   Thumb Code     0  startup.o(RESET)
    WideTimer5B_Handler                      0x00000283   Thumb Code     0  startup.o(RESET)
    uDMA_Error                               0x00000283   Thumb Code     0  startup.o(RESET)
    uDMA_Handler                             0x00000283   Thumb Code     0  startup.o(RESET)
    __main                                   0x00000285   Thumb Code     8  __main.o(!!!main)
    __scatterload                            0x0000028d   Thumb Code     0  __scatter.o(!!!scatter)
    __scatterload_rt2                        0x0000028d   Thumb Code    44  __scatter.o(!!!scatter)
    __scatterload_rt2_thumb_only             0x0000028d   Thumb Code     0  __scatter.o(!!!scatter)
    __scatterload_null                       0x0000029b   Thumb Code     0  __scatter.o(!!!scatter)
    __scatterload_copy                       0x000002c1   Thumb Code    26  __scatter_copy.o(!!handler_copy)
    __scatterload_zeroinit                   0x000002dd   Thumb Code    28  __scatter_zi.o(!!handler_zi)
    __rt_lib_init                            0x000002f9   Thumb Code     0  libinit.o(.ARM.Collect$$libinit$$00000000)
    __rt_lib_init_alloca_1                   0x000002fb   Thumb Code     0  libinit2.o(.ARM.Collect$$libinit$$0000002C)
    __rt_lib_init_argv_1                     0x000002fb   Thumb Code     0  libinit2.o(.ARM.Collect$$libinit$$0000002A)
    __rt_lib_init_atexit_1                   0x000002fb   Thumb Code     0  libinit2.o(.ARM.Collect$$libinit$$00000019)
    __rt_lib_init_clock_1                    0x000002fb   Thumb Code     0  libinit2.o(.ARM.Collect$$libinit$$0000001F)
    __rt_lib_init_cpp_1                      0x000002fb   Thumb Code     0  libinit2.o(.ARM.Collect$$libinit$$00000030)
    __rt_lib_init_exceptions_1               0x000002fb   Thumb Code     0  libinit2.o(.ARM.Collect$$libinit$$0000002E)
    __rt_lib_init_fp_1                       0x000002fb   Thumb Code     0  libinit2.o(.ARM.Collect$$libinit$$00000002)
    __rt_lib_init_fp_trap_1                  0x000002fb   Thumb Code     0  libinit2.o(.ARM.Collect$$libinit$$0000001D)
    __rt_lib_init_getenv_1                   0x000002fb   Thumb Code     0  libinit2.o(.ARM.Collect$$libinit$$00000021)
    __rt_lib_init_heap_1                     0x000002fb   Thumb Code     0  libinit2.o(.ARM.Collect$$libinit$$00000008)
    __rt_lib_init_lc_collate_1               0x000002fb   Thumb Code     0  libinit2.o(.ARM.Collect$$libinit$$0000000F)
    __rt_lib_init_lc_ctype_1                 0x000002fb   Thumb Code     0  libinit2.o(.ARM.Collect$$libinit$$00000011)
    __rt_lib_init_lc_monetary_1              0x000002fb   Thumb Code     0  libinit2.o(.ARM.Collect$$libinit$$00000013)
    __rt_lib_init_lc_numeric_1               0x000002fb   Thumb Code     0  libinit2.o(.ARM.Collect$$libinit$$00000015)
    __rt_lib_init_lc_time_1                  0x000002fb   Thumb Code     0  libinit2.o(.ARM.Collect$$libinit$$00000017)
    __rt_lib_init_rand_1                     0x000002fb   Thumb Code     0  libinit2.o(.ARM.Collect$$libinit$$0000000C)
    __rt_lib_init_return                     0x000002fb   Thumb Code     0  libinit2.o(.ARM.Collect$$libinit$$00000031)
    __rt_lib_init_signal_1                   0x000002fb   Thumb Code     0  libinit2.o(.ARM.Collect$$libinit$$0000001B)
    __rt_lib_init_stdio_1                    0x000002fb   Thumb Code     0  libinit2.o(.ARM.Collect$$libinit$$00000023)
    __rt_lib_init_user_alloc_1               0x000002fb   Thumb Code     0  libinit2.o(.ARM.Collect$$libinit$$0000000A)
    __rt_lib_shutdown                        0x000002fd   Thumb Code     0  libshutdown.o(.ARM.Collect$$libshutdown$$00000000)
    __rt_lib_shutdown_fp_trap_1              0x000002ff   Thumb Code     0  libshutdown2.o(.ARM.Collect$$libshutdown$$00000006)
    __rt_lib_shutdown_heap_1                 0x000002ff   Thumb Code     0  libshutdown2.o(.ARM.Collect$$libshutdown$$0000000E)
    __rt_lib_shutdown_return                 0x000002ff   Thumb Code     0  libshutdown2.o(.ARM.Collect$$libshutdown$$0000000F)
    __rt_lib_shutdown_signal_1               0x000002ff   Thumb Code     0  libshutdown2.o(.ARM.Collect$$libshutdown$$00000009)
    __rt_lib_shutdown_stdio_1                0x000002ff   Thumb Code     0  libshutdown2.o(.ARM.Collect$$libshutdown$$00000003)
    __rt_lib_shutdown_user_alloc_1           0x000002ff   Thumb Code     0  libshutdown2.o(.ARM.Collect$$libshutdown$$0000000B)
    __rt_entry                               0x00000301   Thumb Code     0  rtentry.o(.ARM.Collect$$rtentry$$00000000)
    __rt_entry_presh_1                       0x00000301   Thumb Code     0  rtentry2.o(.ARM.Collect$$rtentry$$00000002)
    __rt_entry_sh                            0x00000301   Thumb Code     0  rtentry4.o(.ARM.Collect$$rtentry$$00000004)
    __rt_entry_li                            0x00000307   Thumb Code     0  rtentry2.o(.ARM.Collect$$rtentry$$0000000A)
    __rt_entry_postsh_1                      0x00000307   Thumb Code     0  rtentry2.o(.ARM.Collect$$rtentry$$00000009)
    __rt_entry_main                          0x0000030b   Thumb Code     0  rtentry2.o(.ARM.Collect$$rtentry$$0000000D)
    __rt_entry_postli_1                      0x0000030b   Thumb Code     0  rtentry2.o(.ARM.Collect$$rtentry$$0000000C)
    __rt_exit                                0x00000313   Thumb Code     0  rtexit.o(.ARM.Collect$$rtexit$$00000000)
    __rt_exit_ls                             0x00000315   Thumb Code     0  rtexit2.o(.ARM.Collect$$rtexit$$00000003)
    __rt_exit_prels_1                        0x00000315   Thumb Code     0  rtexit2.o(.ARM.Collect$$rtexit$$00000002)
    __rt_exit_exit                           0x00000319   Thumb Code     0  rtexit2.o(.ARM.Collect$$rtexit$$00000004)
    DisableInterrupts                        0x00000321   Thumb Code     0  startup.o(.text)
    EnableInterrupts                         0x00000325   Thumb Code     0  startup.o(.text)
    StartCritical                            0x00000329   Thumb Code     0  startup.o(.text)
    EndCritical                              0x00000331   Thumb Code     0  startup.o(.text)
    WaitForInterrupt                         0x00000337   Thumb Code     0  startup.o(.text)
    __user_initial_stackheap                 0x0000033b   Thumb Code     0  startup.o(.text)
    writecommand                             0x00000351   Thumb Code     0  lcd.o(.text)
    writedata                                0x00000379   Thumb Code     0  lcd.o(.text)
    LCD_OutDec                               0x000003a1   Thumb Code     0  print.o(.text)
    LCD_OutFix                               0x000003d5   Thumb Code     0  print.o(.text)
    __use_two_region_memory                  0x00000499   Thumb Code     2  heapauxi.o(.text)
    __rt_heap_escrow$2region                 0x0000049b   Thumb Code     2  heapauxi.o(.text)
    __rt_heap_expand$2region                 0x0000049d   Thumb Code     2  heapauxi.o(.text)
    __user_setup_stackheap                   0x0000049f   Thumb Code    74  sys_stackheap_outer.o(.text)
    exit                                     0x000004e9   Thumb Code    12  exit.o(.text)
    __user_libspace                          0x000004f5   Thumb Code     8  libspace.o(.text)
    __user_perproc_libspace                  0x000004f5   Thumb Code     0  libspace.o(.text)
    __user_perthread_libspace                0x000004f5   Thumb Code     0  libspace.o(.text)
    _sys_exit                                0x000004fd   Thumb Code     8  sys_exit.o(.text)
    __I$use$semihosting                      0x00000509   Thumb Code     0  use_no_semi.o(.text)
    __use_no_semihosting_swi                 0x00000509   Thumb Code     2  use_no_semi.o(.text)
    __semihosting_library_function           0x0000050b   Thumb Code     0  indicate_semi.o(.text)
    ADC1_In                                  0x0000050d   Thumb Code     6  texas.o(i.ADC1_In)
    ADC_In                                   0x00000519   Thumb Code    66  adc.o(i.ADC_In)
    ADC_Init                                 0x00000565   Thumb Code   526  adc.o(i.ADC_Init)
    Button_Init                              0x00000795   Thumb Code   178  spaceinvaders.o(i.Button_Init)
    Check_Paddle                             0x0000085d   Thumb Code   196  spaceinvaders.o(i.Check_Paddle)
    Checkfive                                0x00000931   Thumb Code   458  spaceinvaders.o(i.Checkfive)
    Checkfivehor                             0x00000b11   Thumb Code   302  spaceinvaders.o(i.Checkfivehor)
    CheckforXbounds                          0x00000c59   Thumb Code    44  spaceinvaders.o(i.CheckforXbounds)
    CheckforYbounds                          0x00000c8d   Thumb Code    26  spaceinvaders.o(i.CheckforYbounds)
    Checkfour                                0x00000cb1   Thumb Code   458  spaceinvaders.o(i.Checkfour)
    Checkfourhor                             0x00000e91   Thumb Code   302  spaceinvaders.o(i.Checkfourhor)
    Checkone                                 0x00000fd9   Thumb Code   586  spaceinvaders.o(i.Checkone)
    Checkonehor                              0x0000123d   Thumb Code   366  spaceinvaders.o(i.Checkonehor)
    Checkthree                               0x000013c9   Thumb Code   586  spaceinvaders.o(i.Checkthree)
    Checkthreehor                            0x0000162d   Thumb Code   366  spaceinvaders.o(i.Checkthreehor)
    Checktwo                                 0x000017b9   Thumb Code   458  spaceinvaders.o(i.Checktwo)
    Checktwohor                              0x00001999   Thumb Code   302  spaceinvaders.o(i.Checktwohor)
    Delay100ms                               0x00001ae1   Thumb Code    30  spaceinvaders.o(i.Delay100ms)
    Delay1ms                                 0x00001b05   Thumb Code    32  st7735.o(i.Delay1ms)
    GPIOPortE_Handler                        0x00001b25   Thumb Code    26  spaceinvaders.o(i.GPIOPortE_Handler)
    Game_Init                                0x00001b4d   Thumb Code   306  spaceinvaders.o(i.Game_Init)
    GoingBelowPaddle                         0x00001cb5   Thumb Code    28  spaceinvaders.o(i.GoingBelowPaddle)
    LaserFire                                0x00001cd9   Thumb Code    62  spaceinvaders.o(i.LaserFire)
    PLL_Init                                 0x00001d31   Thumb Code   118  texas.o(i.PLL_Init)
    PrintPaddle                              0x00001dad   Thumb Code   108  spaceinvaders.o(i.PrintPaddle)
    ST7735_DrawBitmap                        0x00001e25   Thumb Code   280  st7735.o(i.ST7735_DrawBitmap)
    ST7735_DrawCharS                         0x00001f45   Thumb Code   232  st7735.o(i.ST7735_DrawCharS)
    ST7735_DrawPixel                         0x00002039   Thumb Code    64  st7735.o(i.ST7735_DrawPixel)
    ST7735_DrawString                        0x00002081   Thumb Code    86  st7735.o(i.ST7735_DrawString)
    ST7735_FillRect                          0x000020d9   Thumb Code   164  st7735.o(i.ST7735_FillRect)
    ST7735_FillScreen                        0x00002185   Thumb Code    28  st7735.o(i.ST7735_FillScreen)
    ST7735_InitR                             0x000021a9   Thumb Code    90  st7735.o(i.ST7735_InitR)
    ST7735_OutChar                           0x00002225   Thumb Code   176  st7735.o(i.ST7735_OutChar)
    ST7735_OutString                         0x000022f9   Thumb Code    24  st7735.o(i.ST7735_OutString)
    ST7735_SetCursor                         0x00002311   Thumb Code    22  st7735.o(i.ST7735_SetCursor)
    Switch_Init                              0x00002331   Thumb Code    74  spaceinvaders.o(i.Switch_Init)
    SysTick_Handler                          0x00002389   Thumb Code    44  spaceinvaders.o(i.SysTick_Handler)
    SysTick_Init                             0x000023c1   Thumb Code    42  spaceinvaders.o(i.SysTick_Init)
    Timer0A_Handler                          0x000023f1   Thumb Code    16  timer0.o(i.Timer0A_Handler)
    Timer4A_Handler                          0x00002409   Thumb Code    20  texas.o(i.Timer4A_Handler)
    Timer5A_Handler                          0x00002429   Thumb Code    34  texas.o(i.Timer5A_Handler)
    TitleScreen                              0x00002459   Thumb Code   304  spaceinvaders.o(i.TitleScreen)
    laserCollide1                            0x000027a5   Thumb Code   194  spaceinvaders.o(i.laserCollide1)
    laserCollide2                            0x00002885   Thumb Code   194  spaceinvaders.o(i.laserCollide2)
    laserCollide3                            0x00002965   Thumb Code   194  spaceinvaders.o(i.laserCollide3)
    laserCollide4                            0x00002a45   Thumb Code   194  spaceinvaders.o(i.laserCollide4)
    laserCollide5                            0x00002b25   Thumb Code   194  spaceinvaders.o(i.laserCollide5)
    main                                     0x00002c05   Thumb Code  1686  spaceinvaders.o(i.main)
    frontpage                                0x00003398   Data        1800  spaceinvaders.o(.constdata)
    asw                                      0x00003aa0   Data         600  spaceinvaders.o(.constdata)
    paddlefinal                              0x00003cf8   Data         160  spaceinvaders.o(.constdata)
    whiteball                                0x00003d98   Data          32  spaceinvaders.o(.constdata)
    blackball                                0x00003db8   Data          32  spaceinvaders.o(.constdata)
    laser                                    0x00003dd8   Data         114  spaceinvaders.o(.constdata)
    blaser                                   0x00003e4a   Data         114  spaceinvaders.o(.constdata)
    greenbrick                               0x00003ebc   Data         256  spaceinvaders.o(.constdata)
    bluebrick                                0x00003fbc   Data         416  spaceinvaders.o(.constdata)
    yellowbrick                              0x0000415c   Data         256  spaceinvaders.o(.constdata)
    blackbrick                               0x0000425c   Data         256  spaceinvaders.o(.constdata)
    pbrick                                   0x0000435c   Data         256  spaceinvaders.o(.constdata)
    rbrick                                   0x0000445c   Data         256  spaceinvaders.o(.constdata)
    obrick                                   0x0000455c   Data         256  spaceinvaders.o(.constdata)
    dBfs                                     0x00004c3e   Data         512  st7735.o(.constdata)
    Region$$Table$$Base                      0x00004e40   Number         0  anon$$obj.o(Region$$Table)
    Region$$Table$$Limit                     0x00004e60   Number         0  anon$$obj.o(Region$$Table)
    TExaS_Period                             0x20000000   Data           4  texas.o(.data)
    TExaS_Ports                              0x20000004   Data           8  texas.o(.data)
    Display                                  0x2000000c   Data           1  texas.o(.data)
    TExaS_Meter                              0x20000010   Data           4  texas.o(.data)
    ADCnum                                   0x20000014   Data           4  texas.o(.data)
    LastMode                                 0x20000018   Data           4  texas.o(.data)
    bFlag                                    0x2000001c   Data           4  texas.o(.data)
    Count                                    0x20000020   Data           4  texas.o(.data)
    DelayBetweenTests                        0x20000024   Data           4  texas.o(.data)
    TExaS_Test                               0x20000028   Data           4  texas.o(.data)
    ScopeMode                                0x2000002c   Data           4  texas.o(.data)
    ScopeCount                               0x20000030   Data           4  texas.o(.data)
    PeriodicTask0                            0x20000034   Data           4  timer0.o(.data)
    level                                    0x20000038   Data           1  spaceinvaders.o(.data)
    flip                                     0x20000039   Data           1  spaceinvaders.o(.data)
    vertb                                    0x2000003c   Data           4  spaceinvaders.o(.data)
    horb                                     0x20000040   Data           4  spaceinvaders.o(.data)
    lowerb                                   0x20000044   Data           4  spaceinvaders.o(.data)
    brick1                                   0x20000048   Data           4  spaceinvaders.o(.data)
    brick2                                   0x2000004c   Data           4  spaceinvaders.o(.data)
    brick3                                   0x20000050   Data           4  spaceinvaders.o(.data)
    brick4                                   0x20000054   Data           4  spaceinvaders.o(.data)
    brick5                                   0x20000058   Data           4  spaceinvaders.o(.data)
    missile                                  0x2000005c   Data           4  spaceinvaders.o(.data)
    missilecount                             0x20000060   Data           4  spaceinvaders.o(.data)
    control                                  0x20000064   Data           4  spaceinvaders.o(.data)
    laseron                                  0x20000068   Data           4  spaceinvaders.o(.data)
    lazrEnable                               0x2000006c   Data           4  spaceinvaders.o(.data)
    laserdelay                               0x20000070   Data           4  spaceinvaders.o(.data)
    fireEnable                               0x20000074   Data           4  spaceinvaders.o(.data)
    edgeTrigger                              0x20000078   Data           4  spaceinvaders.o(.data)
    score                                    0x2000007c   Data           4  spaceinvaders.o(.data)
    lives                                    0x20000080   Data           4  spaceinvaders.o(.data)
    reset                                    0x20000084   Data           4  spaceinvaders.o(.data)
    o                                        0x20000088   Data           4  spaceinvaders.o(.data)
    t                                        0x2000008c   Data           4  spaceinvaders.o(.data)
    th                                       0x20000090   Data           4  spaceinvaders.o(.data)
    f                                        0x20000094   Data           4  spaceinvaders.o(.data)
    fi                                       0x20000098   Data           4  spaceinvaders.o(.data)
    o2                                       0x2000009c   Data           4  spaceinvaders.o(.data)
    t2                                       0x200000a0   Data           4  spaceinvaders.o(.data)
    th2                                      0x200000a4   Data           4  spaceinvaders.o(.data)
    f2                                       0x200000a8   Data           4  spaceinvaders.o(.data)
    fi2                                      0x200000ac   Data           4  spaceinvaders.o(.data)
    higherreset                              0x200000b0   Data           4  spaceinvaders.o(.data)
    pad                                      0x200000b4   Data           8  spaceinvaders.o(.data)
    bbal                                     0x200000bc   Data           8  spaceinvaders.o(.data)
    StX                                      0x200000c4   Data           4  st7735.o(.data)
    StY                                      0x200000c8   Data           4  st7735.o(.data)
    StTextColor                              0x200000cc   Data           2  st7735.o(.data)
    lastj                                    0x200000d4   Data           4  st7735.o(.data)
    Messageindex                             0x200000dc   Data           4  st7735.o(.data)
    Ymax                                     0x200000e0   Data           4  st7735.o(.data)
    Ymin                                     0x200000e4   Data           4  st7735.o(.data)
    X                                        0x200000e8   Data           4  st7735.o(.data)
    Yrange                                   0x200000ec   Data           4  st7735.o(.data)
    wbal                                     0x200000f0   Data          16  spaceinvaders.o(.bss)
    nxtbal                                   0x20000100   Data          16  spaceinvaders.o(.bss)
    one                                      0x20000110   Data          12  spaceinvaders.o(.bss)
    two                                      0x2000011c   Data          12  spaceinvaders.o(.bss)
    three                                    0x20000128   Data          12  spaceinvaders.o(.bss)
    four                                     0x20000134   Data          12  spaceinvaders.o(.bss)
    five                                     0x20000140   Data          12  spaceinvaders.o(.bss)
    lazr                                     0x2000014c   Data          12  spaceinvaders.o(.bss)
    __libspace_start                         0x20000158   Data          96  libspace.o(.bss)
    __temporary_stack_top$libspace           0x200001b8   Data           0  libspace.o(.bss)



==============================================================================

Memory Map of the image

  Image Entry point : 0x0000026d

  Load Region LR_1 (Base: 0x00000000, Size: 0x00004f50, Max: 0xffffffff, ABSOLUTE)

    Execution Region ER_RO (Base: 0x00000000, Size: 0x00004e60, Max: 0xffffffff, ABSOLUTE)

    Base Addr    Size         Type   Attr      Idx    E Section Name        Object

    0x00000000   0x00000284   Code   RO            3  * RESET               startup.o
    0x00000284   0x00000008   Code   RO          670  * !!!main             c_w.l(__main.o)
    0x0000028c   0x00000034   Code   RO          824    !!!scatter          c_w.l(__scatter.o)
    0x000002c0   0x0000001a   Code   RO          826    !!handler_copy      c_w.l(__scatter_copy.o)
    0x000002da   0x00000002   PAD
    0x000002dc   0x0000001c   Code   RO          828    !!handler_zi        c_w.l(__scatter_zi.o)
    0x000002f8   0x00000002   Code   RO          697    .ARM.Collect$$libinit$$00000000  c_w.l(libinit.o)
    0x000002fa   0x00000000   Code   RO          704    .ARM.Collect$$libinit$$00000002  c_w.l(libinit2.o)
    0x000002fa   0x00000000   Code   RO          707    .ARM.Collect$$libinit$$00000008  c_w.l(libinit2.o)
    0x000002fa   0x00000000   Code   RO          709    .ARM.Collect$$libinit$$0000000A  c_w.l(libinit2.o)
    0x000002fa   0x00000000   Code   RO          711    .ARM.Collect$$libinit$$0000000C  c_w.l(libinit2.o)
    0x000002fa   0x00000000   Code   RO          714    .ARM.Collect$$libinit$$0000000F  c_w.l(libinit2.o)
    0x000002fa   0x00000000   Code   RO          716    .ARM.Collect$$libinit$$00000011  c_w.l(libinit2.o)
    0x000002fa   0x00000000   Code   RO          718    .ARM.Collect$$libinit$$00000013  c_w.l(libinit2.o)
    0x000002fa   0x00000000   Code   RO          720    .ARM.Collect$$libinit$$00000015  c_w.l(libinit2.o)
    0x000002fa   0x00000000   Code   RO          722    .ARM.Collect$$libinit$$00000017  c_w.l(libinit2.o)
    0x000002fa   0x00000000   Code   RO          724    .ARM.Collect$$libinit$$00000019  c_w.l(libinit2.o)
    0x000002fa   0x00000000   Code   RO          726    .ARM.Collect$$libinit$$0000001B  c_w.l(libinit2.o)
    0x000002fa   0x00000000   Code   RO          728    .ARM.Collect$$libinit$$0000001D  c_w.l(libinit2.o)
    0x000002fa   0x00000000   Code   RO          730    .ARM.Collect$$libinit$$0000001F  c_w.l(libinit2.o)
    0x000002fa   0x00000000   Code   RO          732    .ARM.Collect$$libinit$$00000021  c_w.l(libinit2.o)
    0x000002fa   0x00000000   Code   RO          734    .ARM.Collect$$libinit$$00000023  c_w.l(libinit2.o)
    0x000002fa   0x00000000   Code   RO          738    .ARM.Collect$$libinit$$0000002A  c_w.l(libinit2.o)
    0x000002fa   0x00000000   Code   RO          740    .ARM.Collect$$libinit$$0000002C  c_w.l(libinit2.o)
    0x000002fa   0x00000000   Code   RO          742    .ARM.Collect$$libinit$$0000002E  c_w.l(libinit2.o)
    0x000002fa   0x00000000   Code   RO          744    .ARM.Collect$$libinit$$00000030  c_w.l(libinit2.o)
    0x000002fa   0x00000002   Code   RO          745    .ARM.Collect$$libinit$$00000031  c_w.l(libinit2.o)
    0x000002fc   0x00000002   Code   RO          765    .ARM.Collect$$libshutdown$$00000000  c_w.l(libshutdown.o)
    0x000002fe   0x00000000   Code   RO          779    .ARM.Collect$$libshutdown$$00000003  c_w.l(libshutdown2.o)
    0x000002fe   0x00000000   Code   RO          782    .ARM.Collect$$libshutdown$$00000006  c_w.l(libshutdown2.o)
    0x000002fe   0x00000000   Code   RO          785    .ARM.Collect$$libshutdown$$00000009  c_w.l(libshutdown2.o)
    0x000002fe   0x00000000   Code   RO          787    .ARM.Collect$$libshutdown$$0000000B  c_w.l(libshutdown2.o)
    0x000002fe   0x00000000   Code   RO          790    .ARM.Collect$$libshutdown$$0000000E  c_w.l(libshutdown2.o)
    0x000002fe   0x00000002   Code   RO          791    .ARM.Collect$$libshutdown$$0000000F  c_w.l(libshutdown2.o)
    0x00000300   0x00000000   Code   RO          672    .ARM.Collect$$rtentry$$00000000  c_w.l(rtentry.o)
    0x00000300   0x00000000   Code   RO          674    .ARM.Collect$$rtentry$$00000002  c_w.l(rtentry2.o)
    0x00000300   0x00000006   Code   RO          686    .ARM.Collect$$rtentry$$00000004  c_w.l(rtentry4.o)
    0x00000306   0x00000000   Code   RO          676    .ARM.Collect$$rtentry$$00000009  c_w.l(rtentry2.o)
    0x00000306   0x00000004   Code   RO          677    .ARM.Collect$$rtentry$$0000000A  c_w.l(rtentry2.o)
    0x0000030a   0x00000000   Code   RO          679    .ARM.Collect$$rtentry$$0000000C  c_w.l(rtentry2.o)
    0x0000030a   0x00000008   Code   RO          680    .ARM.Collect$$rtentry$$0000000D  c_w.l(rtentry2.o)
    0x00000312   0x00000002   Code   RO          701    .ARM.Collect$$rtexit$$00000000  c_w.l(rtexit.o)
    0x00000314   0x00000000   Code   RO          747    .ARM.Collect$$rtexit$$00000002  c_w.l(rtexit2.o)
    0x00000314   0x00000004   Code   RO          748    .ARM.Collect$$rtexit$$00000003  c_w.l(rtexit2.o)
    0x00000318   0x00000006   Code   RO          749    .ARM.Collect$$rtexit$$00000004  c_w.l(rtexit2.o)
    0x0000031e   0x00000002   PAD
    0x00000320   0x00000030   Code   RO            4    .text               startup.o
    0x00000350   0x00000050   Code   RO          191    .text               lcd.o
    0x000003a0   0x000000f8   Code   RO          194    .text               print.o
    0x00000498   0x00000006   Code   RO          668    .text               c_w.l(heapauxi.o)
    0x0000049e   0x0000004a   Code   RO          688    .text               c_w.l(sys_stackheap_outer.o)
    0x000004e8   0x0000000c   Code   RO          690    .text               c_w.l(exit.o)
    0x000004f4   0x00000008   Code   RO          698    .text               c_w.l(libspace.o)
    0x000004fc   0x0000000c   Code   RO          757    .text               c_w.l(sys_exit.o)
    0x00000508   0x00000002   Code   RO          768    .text               c_w.l(use_no_semi.o)
    0x0000050a   0x00000000   Code   RO          770    .text               c_w.l(indicate_semi.o)
    0x0000050a   0x00000002   PAD
    0x0000050c   0x0000000c   Code   RO           16    i.ADC1_In           texas.o
    0x00000518   0x0000004c   Code   RO          137    i.ADC_In            adc.o
    0x00000564   0x00000230   Code   RO          138    i.ADC_Init          adc.o
    0x00000794   0x000000c8   Code   RO          197    i.Button_Init       spaceinvaders.o
    0x0000085c   0x000000d4   Code   RO          198    i.Check_Paddle      spaceinvaders.o
    0x00000930   0x000001e0   Code   RO          199    i.Checkfive         spaceinvaders.o
    0x00000b10   0x00000148   Code   RO          200    i.Checkfivehor      spaceinvaders.o
    0x00000c58   0x00000034   Code   RO          201    i.CheckforXbounds   spaceinvaders.o
    0x00000c8c   0x00000024   Code   RO          202    i.CheckforYbounds   spaceinvaders.o
    0x00000cb0   0x000001e0   Code   RO          203    i.Checkfour         spaceinvaders.o
    0x00000e90   0x00000148   Code   RO          204    i.Checkfourhor      spaceinvaders.o
    0x00000fd8   0x00000264   Code   RO          205    i.Checkone          spaceinvaders.o
    0x0000123c   0x0000018c   Code   RO          206    i.Checkonehor       spaceinvaders.o
    0x000013c8   0x00000264   Code   RO          207    i.Checkthree        spaceinvaders.o
    0x0000162c   0x0000018c   Code   RO          208    i.Checkthreehor     spaceinvaders.o
    0x000017b8   0x000001e0   Code   RO          209    i.Checktwo          spaceinvaders.o
    0x00001998   0x00000148   Code   RO          210    i.Checktwohor       spaceinvaders.o
    0x00001ae0   0x00000024   Code   RO          211    i.Delay100ms        spaceinvaders.o
    0x00001b04   0x00000020   Code   RO          403    i.Delay1ms          st7735.o
    0x00001b24   0x00000028   Code   RO          212    i.GPIOPortE_Handler  spaceinvaders.o
    0x00001b4c   0x00000168   Code   RO          213    i.Game_Init         spaceinvaders.o
    0x00001cb4   0x00000024   Code   RO          214    i.GoingBelowPaddle  spaceinvaders.o
    0x00001cd8   0x00000058   Code   RO          215    i.LaserFire         spaceinvaders.o
    0x00001d30   0x0000007c   Code   RO           18    i.PLL_Init          texas.o
    0x00001dac   0x00000078   Code   RO          216    i.PrintPaddle       spaceinvaders.o
    0x00001e24   0x00000120   Code   RO          410    i.ST7735_DrawBitmap  st7735.o
    0x00001f44   0x000000f4   Code   RO          412    i.ST7735_DrawCharS  st7735.o
    0x00002038   0x00000048   Code   RO          415    i.ST7735_DrawPixel  st7735.o
    0x00002080   0x00000056   Code   RO          416    i.ST7735_DrawString  st7735.o
    0x000020d6   0x00000002   PAD
    0x000020d8   0x000000ac   Code   RO          417    i.ST7735_FillRect   st7735.o
    0x00002184   0x00000024   Code   RO          418    i.ST7735_FillScreen  st7735.o
    0x000021a8   0x0000007c   Code   RO          420    i.ST7735_InitR      st7735.o
    0x00002224   0x000000d4   Code   RO          422    i.ST7735_OutChar    st7735.o
    0x000022f8   0x00000018   Code   RO          423    i.ST7735_OutString  st7735.o
    0x00002310   0x00000020   Code   RO          433    i.ST7735_SetCursor  st7735.o
    0x00002330   0x00000058   Code   RO          217    i.Switch_Init       spaceinvaders.o
    0x00002388   0x00000038   Code   RO          218    i.SysTick_Handler   spaceinvaders.o
    0x000023c0   0x00000030   Code   RO          219    i.SysTick_Init      spaceinvaders.o
    0x000023f0   0x00000018   Code   RO          170    i.Timer0A_Handler   timer0.o
    0x00002408   0x00000020   Code   RO           26    i.Timer4A_Handler   texas.o
    0x00002428   0x00000030   Code   RO           27    i.Timer5A_Handler   texas.o
    0x00002458   0x00000170   Code   RO          220    i.TitleScreen       spaceinvaders.o
    0x000025c8   0x00000056   Code   RO          437    i.commandList       st7735.o
    0x0000261e   0x00000002   PAD
    0x00002620   0x00000184   Code   RO          438    i.commonInit        st7735.o
    0x000027a4   0x000000e0   Code   RO          223    i.laserCollide1     spaceinvaders.o
    0x00002884   0x000000e0   Code   RO          224    i.laserCollide2     spaceinvaders.o
    0x00002964   0x000000e0   Code   RO          225    i.laserCollide3     spaceinvaders.o
    0x00002a44   0x000000e0   Code   RO          226    i.laserCollide4     spaceinvaders.o
    0x00002b24   0x000000e0   Code   RO          227    i.laserCollide5     spaceinvaders.o
    0x00002c04   0x0000070c   Code   RO          228    i.main              spaceinvaders.o
    0x00003310   0x00000012   Code   RO          443    i.pushColor         st7735.o
    0x00003322   0x00000002   PAD
    0x00003324   0x00000074   Code   RO          444    i.setAddrWindow     st7735.o
    0x00003398   0x000012c4   Data   RO          230    .constdata          spaceinvaders.o
    0x0000465c   0x000007e2   Data   RO          446    .constdata          st7735.o
    0x00004e3e   0x00000002   PAD
    0x00004e40   0x00000020   Data   RO          822    Region$$Table       anon$$obj.o


    Execution Region ER_RW (Base: 0x20000000, Size: 0x000000f0, Max: 0xffffffff, ABSOLUTE)

    Base Addr    Size         Type   Attr      Idx    E Section Name        Object

    0x20000000   0x00000034   Data   RW           36    .data               texas.o
    0x20000034   0x00000004   Data   RW          172    .data               timer0.o
    0x20000038   0x0000008c   Data   RW          231    .data               spaceinvaders.o
    0x200000c4   0x0000002c   Data   RW          447    .data               st7735.o


    Execution Region ER_ZI (Base: 0x200000f0, Size: 0x000004c8, Max: 0xffffffff, ABSOLUTE)

    Base Addr    Size         Type   Attr      Idx    E Section Name        Object

    0x200000f0   0x00000068   Zero   RW          229    .bss                spaceinvaders.o
    0x20000158   0x00000060   Zero   RW          699    .bss                c_w.l(libspace.o)
    0x200001b8   0x00000000   Zero   RW            2    HEAP                startup.o
    0x200001b8   0x00000400   Zero   RW            1    STACK               startup.o


==============================================================================

Image component sizes


      Code (inc. data)   RO Data    RW Data    ZI Data      Debug   Object Name

       636         44          0          0          0       3936   adc.o
        80         12          0          0          0        184   lcd.o
       248          0          0          0          0        244   print.o
      9104        952       4804        140        104      18641   spaceinvaders.o
      1930        182       2018         44          0      11554   st7735.o
       692        632          0          0       1024        868   startup.o
       216         38          0         52          0      14708   texas.o
        24          8          0          4          0        766   timer0.o

    ----------------------------------------------------------------------
     12936       1868       6856        240       1128      50901   Object Totals
         0          0         32          0          0          0   (incl. Generated)
         6          0          2          0          0          0   (incl. Padding)

    ----------------------------------------------------------------------

      Code (inc. data)   RO Data    RW Data    ZI Data      Debug   Library Member Name

         8          0          0          0          0         68   __main.o
        52          8          0          0          0          0   __scatter.o
        26          0          0          0          0          0   __scatter_copy.o
        28          0          0          0          0          0   __scatter_zi.o
        12          0          0          0          0         72   exit.o
         6          0          0          0          0        152   heapauxi.o
         0          0          0          0          0          0   indicate_semi.o
         2          0          0          0          0          0   libinit.o
         2          0          0          0          0          0   libinit2.o
         2          0          0          0          0          0   libshutdown.o
         2          0          0          0          0          0   libshutdown2.o
         8          4          0          0         96         68   libspace.o
         0          0          0          0          0          0   rtentry.o
        12          0          0          0          0          0   rtentry2.o
         6          0          0          0          0          0   rtentry4.o
         2          0          0          0          0          0   rtexit.o
        10          0          0          0          0          0   rtexit2.o
        12          4          0          0          0         68   sys_exit.o
        74          0          0          0          0         80   sys_stackheap_outer.o
         2          0          0          0          0         68   use_no_semi.o

    ----------------------------------------------------------------------
       272         16          0          0         96        576   Library Totals
         6          0          0          0          0          0   (incl. Padding)

    ----------------------------------------------------------------------

      Code (inc. data)   RO Data    RW Data    ZI Data      Debug   Library Name

       266         16          0          0         96        576   c_w.l

    ----------------------------------------------------------------------
       272         16          0          0         96        576   Library Totals

    ----------------------------------------------------------------------

==============================================================================


      Code (inc. data)   RO Data    RW Data    ZI Data      Debug   

     13208       1884       6856        240       1224      48669   Grand Totals
     13208       1884       6856        240       1224      48669   ELF Image Totals
     13208       1884       6856        240          0          0   ROM Totals

==============================================================================

    Total RO  Size (Code + RO Data)                20064 (  19.59kB)
    Total RW  Size (RW Data + ZI Data)              1464 (   1.43kB)
    Total ROM Size (Code + RO Data + RW Data)      20304 (  19.83kB)

==============================================================================

