<html>
<body>
<pre>
<h1>µVision Build Log</h1>
<h2>Project:</h2>
C:\Users\admin\Desktop\Lab10finished\SpaceInvaders.uvproj
Project File Date:  05/04/2015

<h2>Output:</h2>
Rebuild target 'SpaceInvaders'
assembling startup.s...
assembling random.s...
compiling TExaS.c...
compiling ADC.c...
compiling Timer0.c...
assembling LCD.s...
assembling Print.s...
compiling SpaceInvaders.c...
SpaceInvaders.c(1429): warning:  #223-D: function "PLL_Init" declared implicitly
        PLL_Init();
SpaceInvaders.c(1665): warning:  #177-D: variable "o2" was declared but never referenced
                        int o2=1;
SpaceInvaders.c(1666): warning:  #177-D: variable "t2" was declared but never referenced
                        int t2 =1;
SpaceInvaders.c(1667): warning:  #177-D: variable "th2" was declared but never referenced
                        int th2=1;
SpaceInvaders.c(1668): warning:  #177-D: variable "f2" was declared but never referenced
                        int  f2=1;
SpaceInvaders.c(1669): warning:  #177-D: variable "fi2" was declared but never referenced
                        int fi2=1;
SpaceInvaders.c(1517): warning:  #177-D: variable "o" was declared but never referenced
        int o=0;
SpaceInvaders.c(1518): warning:  #177-D: variable "t" was declared but never referenced
        int t =0;
SpaceInvaders.c(1519): warning:  #177-D: variable "th" was declared but never referenced
        int th=0;
SpaceInvaders.c(1520): warning:  #177-D: variable "f" was declared but never referenced
        int  f=0;
SpaceInvaders.c(1521): warning:  #177-D: variable "fi" was declared but never referenced
        int fi=0;
SpaceInvaders.c: 11 warnings, 0 errors
compiling ST7735.c...
linking...
Program Size: Code=13208 RO-data=6856 RW-data=240 ZI-data=1224  
".\SpaceInvaders.axf" - 0 Error(s), 11 Warning(s).
Load "C:\\Users\\admin\\Desktop\\Lab10finished\\SpaceInvaders.axf" 
Connecting: Mode=JTAG, Speed=1000000Hz
Erase Done.
Programming Done.
Verify OK.
</pre>
</body>
</html>
